
ne@cdeane720t MINGW64 ~
$ pwd
/c/Users/cdeane

cdeane@cdeane720t MINGW64 ~
$ cd git-2.20.1/

cdeane@cdeane720t MINGW64 ~/git-2.20.1
$ ls -a
./  ../

cdeane@cdeane720t MINGW64 ~/git-2.20.1
$ git config --global user.name "Cricket Deane"

cdeane@cdeane720t MINGW64 ~/git-2.20.1
$ git config --global user.email "cdeane@utk.edu"

cdeane@cdeane720t MINGW64 ~/git-2.20.1
$ git config --global user.name "cdeaneGit"

cdeane@cdeane720t MINGW64 ~/git-2.20.1
$ mkdir zFirstRepo

cdeane@cdeane720t MINGW64 ~/git-2.20.1
$ cd zFirstRepo/

cdeane@cdeane720t MINGW64 ~/git-2.20.1/zFirstRepo
$ git init
Initialized empty Git repository in C:/Users/cdeane/git-2.20.1/zFirstRepo/.git/

cdeane@cdeane720t MINGW64 ~/git-2.20.1/zFirstRepo (master)
$ cd ..

cdeane@cdeane720t MINGW64 ~/git-2.20.1
$ ls -a
./  ../  zFirstRepo/

cdeane@cdeane720t MINGW64 ~/git-2.20.1
$ ;s -a zFirstRepo/
bash: syntax error near unexpected token `;'

cdeane@cdeane720t MINGW64 ~/git-2.20.1
$ ls -a zFirstRepo/
./  ../  .git/

cdeane@cdeane720t MINGW64 ~/git-2.20.1
$ ls -a zFirstRepo/.git
./  ../  config  description  HEAD  hooks/  info/  objects/  refs/

cdeane@cdeane720t MINGW64 ~/git-2.20.1
$ vi zFirstRepo/.git/config

cdeane@cdeane720t MINGW64 ~/git-2.20.1
$
