080324


diglib2.lib.utk.edu - production server
[cdeane@diglib2 cdeane]$ sudo su
[root@diglib2 cdeane]# cd /d1/workarea/dlxs/telfiles
[root@diglib2 telfiles]# ls

diglib.lib.utk.edu - live server

[root@diglib conf]# ls
htpasswd.dl    httpd.conf       httpd.conf.old    magic     ssl.crl  ssl.csr  ssl.prm
htpasswd.dlxs  httpd.conf.dlxs  httpd.conf.rhel3  Makefile  ssl.crt  ssl.key  wuser
[root@diglib conf]# pwd
/etc/httpd/conf
[root@diglib conf]# 

 vi httpd.conf.dlxs
if you add a collection or remove a collection, change  here


then run /etc/inet.d/httpd restart  -------restart apache web server to catch up changes

copy over dlxs database

find a way to preserve sessions


dlc database dlxs is for finding aids and for dlxs12

/var/lib/mysql

[root@diglib conf]# cd /var
[root@diglib var]# cd lib
[root@diglib lib]# cd mysql
[root@diglib mysql]# ls
anthro      FailedSearch  my.cnf             phpesp         sunsite_oai2  vvadmin
av          flora         mydb               phpgedview     task1         vvadmin-trial
bill_image  formdemo      my-example.cnf     phpmyadmin     test          vvcoe
chdTest     fungai        mysql              phpwebsite     test2         vvgallery
dlcblog     harvester     mysql.sock         pmadmin        test_db       vvtrain
dlcproj     HTBackup      newman             pwd            tnp           webcollab
dlfilelog   HTRestore     nisolangcodes.csv  rcauth         utj           ybook
dlxs        journals      oaidb              researchguide  utj_gamut
DlxsLogs    locserve      oaiharvest         Rss            utj_jei
DT24        metrics       old_my.cnf         rugby          vanvactor
[root@diglib mysql]# 
HTBackkup
HTRestory

Backups are in /d1/backups

DTTables (digitool)
tables (dlxs) monthly backups


preservation mods /d1/dlxs/bib/vv

[root@diglib2 vv]# pwd
/d1/workarea/dlxs/bib/mods/vv
[root@diglib2 vv]# ls
closebib   fixPreserveSubjectsBib   newSubxml          OAI_modsbibToPresMods  xml
DLCnewSub  fixSubjectsBib           OAIDC              olderVersions
DLCpres    fixSubjectsBib.20080130  OAI_modsbibToDC    openbib
dothis     newPresSubxml            OAI_modsbibToMods  vvs-mods.xml
[root@diglib2 vv]# vi dothis

fixSubjectsBib  (repairs subjects in xml directory, puts them in newSubxml)
cat openbib newSubxml/* closebib >  vvs-mods.xml
cp vvs-mods.xml /d1/dlxs/prep/v/vvs-mods/.

cd /d1/dlxs/prep/v/vvs-mods/
do bib class setup  (run transform, and copy xml to obj directory
go to /d1/dlxs/idx/v/vvs-mods
run: make all
make sure it's in the httpd conf directory, restart if adding
release to production

test in OAI

fixPreserveSubjectsBib    (takes files from xml, fixes subjects and category
                           attributes  and puts them in newPresSubxml)
OAI_modsbibToPresMods     (takes files from newPresSubxml, outputs
                             preservation mods with unicode in DLCpres)

MODS files to be preserved are now in DLCpres.  Move with preservation TEI to join
tiffs on preservation server.

OAI_modsbibToMods and OAI_modsbibToDC are for testing the broker output of the bib
records in mods and bib, writing the results to OAIDC and DLCnewSub

fixSubjects takes MODS from DLC and repairs the subjects and puts the files in DLCnewSub
(older script not currently in use).


---------currently set for vv

ls DLCpres
xml files - hexadecimal changed to unicode
<identifier type="local">TU:DLC:Filename:0012_000053_000200_0000</identifier> -oclc name for UT is TU
<identifier type="uri">http://idserver.utk.edu/?id=200700000001691</identifier> - worldwide unique

DLCnewSub/ -- different version

OAI_modsbibToDC
OAI_modsbibToMods
OAD_modsbibToPresMods 

All 3 of these show input, output, check what broker is doing

---------------

[root@diglib2 mods]# cd /home/firestar
[root@diglib2 firestar]# ls
580        cricket     dlxsfiles    images       md5stuff  perltests       tocgi     work
arrowmont  cronjobs    ead          index        media     rsl014.xml      toprep    working
arrt.xml   crosswalks  etd          jody.tar.gz  message   scholar         transfer  xmp
authors    cstuff      etd-bib.sgm  junk         METS      spc27120001000  unicode   xom
bash       d1          fedora       ldap         miscPub   stuff           utj       xpat
beta       dbase       files        logs         mysql     stuffToDo       vv        xsl
bin        Desktop     findaid      lp           mywork    tei             WATCH     zf3.zip
cgi-bin    dircount    googling     mail         old       template        wget.txt
chkfiles   dlc         honors       maps         otherdii  test            where
[root@diglib2 firestar]# cd xpat
[root@diglib2 xpat]# ls
auth      chektxt2  collections.rtf  finddupes  notes     spc            unclear
bib       chektxt3  countfiles       images     oai2bib   text
chekjpgs  chektxt4  fab_rgn          link       rsync     TextClass.pm
chektxt   chkthumb  files            look       sgmlnorm  transform_all
[root@diglib2 xpat]# ls bib
bibNewDTD.doc  cats  oai          steps     teiXml  vv.dtd  vv_sgml.dtd      vv_work.xml
bibNewDTD.dtd  maps  sgml_vv.dtd  steps.bk  vv      vvfile  vv_work_new.xml  vv.xml
[root@diglib2 xpat]# ls images
bcapp   gsm0031a.gif          image-samplesgm.xml  museum        steps
DC.dtd  gsmheader             ImageSchema.xsd      newlines      test
DC.xml  ic.gsm.unnorm.sgm     link                 oldgsm        utkgsm-config.htm
dothis  imageDTD              localimageprep.cfg   roth
egypt   imageDTDcomments.xml  movies               simpleDC.dtd
entry   imageinfo             movie_ver            simpleDC.xsd
[root@diglib2 xpat]# ls text
steps  steps_mult  steps_sgml  tdh  teixlite.dtd  textclass10.dtd  textclass.dtd  WordWheel
[root@diglib2 xpat]# 


[root@diglib2 0016_000050_000248_0000]# pwd
/d1/dlxs/obj/v/vvt/0/0/1/0016_000050_000248_0000
The xml file in this directory is a TEI file with different wrapper name

After you run the make pageview.dat, 

[root@diglib2 1]# cd /d1/workarea/dlxs/text/tel
[root@diglib2 tel]# ls
BadColl      crossmappings      hextest    ocr             specify         translate
badocr       done               howmany    olderVersions   tei             ttout.txt
batchedOut   dothis             infotrack  output          teiHead         typed
categories   dupes              linkfile   preservation    teiHeadNoText   validate
charTest.pl  dupesInText        modsbib    problems        teiHeadOcrText
checkme      duplicates_noproc  modsTC     rebatch         teiTail
chkfiles     fieldtest          newmods    repairLocserve  test
chkid        fixDupes           NOTE       search          testfiles
countfiles   hexmess            notext     spc             transform
[root@diglib2 tel]# vi dothis

INDEXING

[root@diglib2 tel]# cd /d1/dlxs/prep/v/vvt
[root@diglib2 vvt]# ls
charents.frag       vvt.errors      vvt.extra.srch.20080220  vvt.presgml.dd       vvt.xml
spct.textclass.dtd  vvt.extra.dd    vvt.inp                  vvt.single.blank.dd  WW
subfiles            vvt.extra.srch  vvt.prepost.dd           vvt.textclass.dtd
[root@diglib2 vvt]# vi vvt.extra.srch

xpat queries run and exported as files to be used as indexes

[cdeane@diglib2 cdeane]$ sudo su
[root@diglib2 cdeane]# cd /d1/dlxs/misc
[root@diglib2 misc]# ls
b   f  MySLQ_DB_Backup      sgml
db  i  MySLQ_DB_Backup_1_2  t
[root@diglib2 misc]# cd t
[root@diglib2 t]# ls
text
[root@diglib2 t]# cd text
[root@diglib2 text]# ls
maps
[root@diglib2 text]# cd maps
[root@diglib2 maps]# 

[root@diglib2 text]# cd maps
[root@diglib2 maps]# ls
aclsfront.map  bwrp.map       epd.map       moajrnl.map     sampletc.map        umtri.map
acls.map       cme.map        eprosed.map   moa.map         shakeR.map          voltaire.map
ampo20.map     conraditc.map  epv1.map      mqrarchive.map  spct.map            vvb.map
ampo.map       crossc.map     epv2.map      mqr.map         tdh.map             vvo.map
amverse.map    daap20.map     faber.map     ncf.map         tdh.map.20070828jd  vvt.map
arro.map       daap.map       fung1tc.map   ncosw.map       tdh_old.map         womv.map
arrt.map       did.map        gandf.map     nietzsche.map   teso.map            wright2.map
basp.map       ecf.map        icmc.map      pimp.map        tmr.map             yeats.map
bie.map        eebodemo.map   latin.map     pitttext.map    umhistmath.map
blaketc.map    eebo.map       lincoln.map   pmast.map       umregproc.map
bosnia.map     eepf.map       mfsfront.map  postid.map      umr.map
busadwp.map    emn.map        mfs.map       roper.map       umsurvey.map
[root@diglib2 maps]# vi arrt.map


ORIGINAL DTDs

[root@diglib2 misc]# cd sgml
[root@diglib2 sgml]# ls
bib.dtd               doctype.bib       ISOamsc.ent  ISOgrk2.ent   oldimageimproved.dtd
bib.dtd.20080120      doctype-bib.xml   ISOamsn.ent  ISOgrk3.ent   search.dtd
bib-multiregion.tags  idresolver.dtd    ISOamso.ent  ISOgrk4.ent   teisgmls.dec
bib-regions.set       image10.dtd       ISOamsr.ent  ISOlat1.ent   textclass2.dtd
bib-xml.dtd           image.dtd         ISObox.ent   ISOlat2.ent   textclass.dtd
catalog               image.dtd_020205  ISOcyr1.ent  ISOnum.ent    textclass.stripped.dtd
charents.frag         image.dtd.bk      ISOcyr2.ent  ISOpub.ent    wordwheel.dtd
convert-bib.dtd       ISOamsa.ent       ISOdia.ent   ISOtech.ent   xml.dcl
dlps-monthly.dtd      ISOamsb.ent       ISOgrk1.ent  oldimage.dtd  xml.soc
[root@diglib2 sgml]# pwd
/d1/dlxs/misc/sgml
[root@diglib2 sgml]# 

The imp are in prep directory.

/d1/dlxs/prep/v/vvt
vi vvt.inp


<!DOCTYPE COLL SYSTEM "/d1/dlxs/prep/v/vvt/vvt.textclass.dtd"
[


<!ENTITY % entrefs SYSTEM "/d1/dlxs/prep/v/vvt/charents.frag">
%entrefs;

<!entity nbsp SDATA "&nbsp;">
<!entity horbar SDATA "&horbar;">
<!entity caret SDATA "&caret;">
<!entity rcub SDATA "&rcub;">
<!entity lcub SDATA "lcub;">
<!entity cent SDATA "&cent;">
<!entity gt SDATA "&gt;">
<!entity dollar SDATA "&dollar;">
<!entity plus SDATA "&plus;">
<!entity lowbar SDATA "&lowbar;">
<!entity verbar SDATA "&verbar;">
<!entity cross SDATA "&cross;">
<!entity dagger SDATA "&dagger;">
<!entity blank SDATA "&blank;">
<!entity equals SDATA "&equals;">
<!entity rdquo SDATA "&rdquo;">
]>


ETD output cleaned up in OAI Files


Unclean ETD 

they send marc files in olive sequential

[root@diglib etd]# cd /d1/dlxs/cgi/b/broker20
[root@diglib broker20]# vi broker20

diacritics

Thre  is dothis file for etd's on diglib2

/home/firestar/etd ---------processing before sending to diglib etd area

FINDING AIDS

development server is scholar
delivery server is dlc

[root@scholar cdeane]# cd /d1/dlxs12/prep/f/fa/
[root@scholar fa]# ls
characters   ead.dtd        fixedSpcLinker  listKidsToCome  newpids     spclinkers
checkEadid   fa.blank.dd    here            list.txt        noAlt       unlinked
checkfields  fa.errors      indata          logfile.txt     nometatags  validateeach.csh
countfiles   fa.extra.dd    infotrack       logs            oaiRepeats  validatetest.csh
data         fa.extra.srch  InProcess       makepids        old         wgetStuff
delink       fa.inp         kidlist         makepids.bk     onStore2
DOTHESE      fa.prepost.dd  kidlistToCome   matchup         otherlinks
dothis       fa.presgml.dd  linkme          metatags        pids
duplicates   fa.text.inp    list            moveUs          problems
eadcbs5.xsl  fa.xml.inp     listKids        movewhat        reallynew
[root@scholar fa]# 

linking problems described in diglib2 /d1/workarea/dlxs/images/tel/singles

[root@diglib2 spc]# pwd
/d1/workarea/dlxs/image/tel/singx
[root@diglib2 spc]# ls
addEadToDbase  analyze    ic          mods             modsWithMS  NOTE     thumbs
addEadToFile   bothpids   jpegs       modsbib          NewPids     old      workEad
AddKidsToEad   eadnum     linkEad     modsICsearchOai  noEad       spcmods
addMSnum       getEADnum  LinksToMom  modssearch       NoMomLink   spcpids

[root@diglib2 dlxs]# cd vv2spc
[root@diglib2 vv2spc]# ls
addEadToDbase  dothis                   getFiles    listDbase2      noEADok           workEad
addEadToFile   eadTitles                HoldForEad  makeMomBaby     OAItest
addRelItem     errors                   Holdstuff   MasterLinkfile  OnHoldEadCollnum
BabyToMom      fixSubjects.20070801     incoming    MomToBaby       OrderedDbaseList
Coll2Ead       fixSubjects.20070802     linkEad     moveNoEadFiles  ready
done           fixSubjectsBib.20070802  listDbase   noEad           UpdatedReady
[root@diglib2 vv2spc]# pwd
/d1/workarea/dlxs/vv2spc

The above is about links.  parent - child / child - parent

[cdeane@diglib2 cdeane]$ sudo su
[root@diglib2 cdeane]# cd /d1/dlxs/idx/v/vvt
[root@diglib2 vvt]# xpat vvt.ddt
'vvt.ddt' is apparently not a valid data dictionary file.
[root@diglib2 vvt]# xpat vvt.dd

        Digital Library eXtension Service, XPAT, Release 5.2
        COPYRIGHT (c) 2000 The Regents of the University of Michigan
        All Rights Reserved
>> Tennessee
  1: 1487 matches

>> pr
prints all of them
>> quit




