[root@diglib2 vvb]# cd /d1/dlxs
[root@diglib2 dlxs]# ls */*.dd
ls: */*.dd: No such file or directory
[root@diglib2 dlxs]# ls */*/*.dd
bin/WW/sample.ww.blank.dd
[root@diglib2 dlxs]# ls */*/*/*.ds

[root@diglib2 dlxs]# ls */*/*/*.dd
idx/a/ar-mods/ar-mods.dd                prep/a/arr-bib/arr-bib.extra.dd
idx/a/arr-bib/arr-bib.dd                prep/a/arr-bib/arr-bib.prepost.dd
idx/a/arri/image.blank.dd               prep/a/arr-bib/arr-bib.presgml.dd
idx/a/arri/image.dd                     prep/a/arr-bib/arr-bib.single.blank.dd
idx/a/arr-mods/arr-mods.dd              prep/a/arr-mods/arr-mods.extra.dd
idx/a/arro/arro.dd                      prep/a/arr-mods/arr-mods.prepost.dd
idx/a/arrp/image.blank.dd               prep/a/arr-mods/arr-mods.presgml.dd
idx/a/arrp/image.dd                     prep/a/arr-mods/arr-mods.single.blank.dd
idx/a/arrs/image.blank.dd               prep/a/arr-mods/search-mods.single.blank.dd
idx/a/arrs/image.dd                     prep/a/arro/arro.extra.dd
idx/a/arrt/arrt.dd                      prep/a/arro/arro.prepost.dd
idx/c/coc/image.blank.dd                prep/a/arro/arro.presgml.dd
idx/c/coc/image.dd                      prep/a/arro/arro.single.blank.dd
idx/c/collid/image.blank.dd             prep/a/arrt/arrt.extra.dd
idx/e/egy-bib/egy-bib.dd                prep/a/arrt/arrt.prepost.dd
idx/e/egy/image.blank.dd                prep/a/arrt/arrt.presgml.dd
idx/e/egy/image.dd                      prep/a/arrt/arrt.single.blank.dd
idx/e/emn/emn.dd                        prep/e/emn/emn.extra.dd
idx/e/emn-mods/emn-mods.dd              prep/e/emn/emn.prepost.dd
idx/e/etd-bib/etd-bib.dd                prep/e/emn/emn.presgml.dd
idx/f/fa-bib/fa-bib.dd                  prep/e/emn/emn.single.blank.dd
idx/f/fa-mods/fa-mods.dd                prep/e/emn-mods/emn-mods.extra.dd
idx/g/gar-bib/gar-bib.dd                prep/e/emn-mods/emn-mods.prepost.dd
idx/g/gar/image.blank.dd                prep/e/emn-mods/emn-mods.presgml.dd
idx/g/gar/image.dd                      prep/e/emn-mods/emn-mods.single.blank.dd
idx/g/gsm/image.blank.dd                prep/f/fa-mods/fa-mods.extra.dd
idx/g/gsm/image.dd                      prep/f/fa-mods/fa-mods.prepost.dd
idx/i/image-blank/image.blank.dd        prep/f/fa-mods/fa-mods.presgml.dd
idx/j/jei-bib/jei-bib.dd                prep/f/fa-mods/fa-mods.single.blank.dd
idx/m/map-mods/map-mods.dd              prep/m/map-mods/map-mods.extra.dd
idx/m/mcc-bib/mcc-bib.dd                prep/m/map-mods/map-mods.prepost.dd
idx/m/mcc/image.blank.dd                prep/m/map-mods/map-mods.presgml.dd
idx/m/mcc/image.dd                      prep/m/map-mods/map-mods.single.blank.dd
idx/m/mccr-bib/mccr-bib.dd              prep/s/samplefa/samplefa.blank.dd
idx/m/mccr/image.blank.dd               prep/s/samplefa/samplefa.extra.dd
idx/m/mccr/image.dd                     prep/s/samplefa/samplefa.prepost.dd
idx/m/mov/image.blank.dd                prep/s/samplefa/samplefa.presgml.dd
idx/m/mov/image.dd                      prep/s/sampletc/sampletc.extra.dd
idx/m/mpm-bib/mpm-bib.dd                prep/s/sampletc/sampletc.mfs.blank.dd
idx/r/res/image.blank.dd                prep/s/sampletc/sampletc.prepost.dd
idx/r/res/image.dd                      prep/s/sampletc/sampletc.presgml.dd
idx/r/rth-bib/rth-bib.dd                prep/s/sampletc/sampletc.single.blank.dd
idx/r/rth/image.blank.dd                prep/s/search-bib/search-bib.extra.dd
idx/r/rth/image.dd                      prep/s/search-bib/search-bib.prepost.dd
idx/s/samplebc/samplebc.dd              prep/s/search-bib/search-bib.presgml.dd
idx/s/samplefa/samplefa.dd              prep/s/search-bib/search-bib.single.blank.dd
idx/s/sampleic/image.blank.dd           prep/s/search-mods/search-mods.extra.dd
idx/s/sampleic/image.dd                 prep/s/search-mods/search-mods.prepost.dd
idx/s/sampletc/sampletc.dd              prep/s/search-mods/search-mods.presgml.dd
idx/s/search-bib/old_search-bib.dd      prep/s/search-mods/search-mods.single.blank.dd
idx/s/search-bib/search-bib.dd          prep/s/spc-bib/spc-bib.extra.dd
idx/s/search-bib/search-bib.extra.dd    prep/s/spc-bib/spc-bib.prepost.dd
idx/s/search-mods/search-mods.dd        prep/s/spc-bib/spc-bib.presgml.dd
idx/s/shld-bib/shld-bib.dd              prep/s/spc-bib/spc-bib.single.blank.dd
idx/s/shld/image.blank.dd               prep/s/spcd-bib/spcd-bib.extra.dd
idx/s/shld/image.dd                     prep/s/spcd-bib/spcd-bib.prepost.dd
idx/s/spc-bib/spc-bib.dd                prep/s/spcd-bib/spcd-bib.presgml.dd
idx/s/spcd-bib/spcd-bib.dd              prep/s/spcd-bib/spcd-bib.single.blank.dd
idx/s/spc/spc.dd                        prep/s/spc/spc.extra.dd
idx/s/spct-bib/spct-bib.dd              prep/s/spc/spc.prepost.dd
idx/s/spct/spct.dd                      prep/s/spc/spc.presgml.dd
idx/t/tdh-bib/tdh-bib.dd                prep/s/spc/spc.single.blank.dd
idx/t/tdh/tdh.dd                        prep/s/spct/spct.extra.dd
idx/t/tdhtif/tdhtif.dd                  prep/s/spct/spct.prepost.dd
idx/t/test-harv/harv.dd                 prep/s/spct/spct.presgml.dd
idx/u/ual-bib/ual-bib.dd                prep/s/spct/spct.single.blank.dd
idx/u/ual/image.blank.dd                prep/t/stdfiles/tdh0212.single.blank.dd
idx/u/ual/image.dd                      prep/t/tdh/tdh.extra.dd
idx/u/ualr-bib/ualr-bib.dd              prep/t/tdh/tdh.prepost.dd
idx/u/ualr/image.blank.dd               prep/t/tdh/tdh.presgml.dd
idx/u/ualr/image.dd                     prep/t/tdh/tdh.single.blank.dd
idx/u/uht-bib/uht-bib.dd                prep/t/tdhtif/tdhtif.extra.dd
idx/u/uky-bib/uky-bib.dd                prep/t/tdhtif/tdhtif.prepost.dd
idx/u/uky/image.blank.dd                prep/t/tdhtif/tdhtif.presgml.dd
idx/u/uky/image.dd                      prep/t/tdhtif/tdhtif.single.blank.dd
idx/u/utcat-bib/utcat-bib.dd            prep/v/vvb/vvb.extra.dd
idx/v/vvb/vvb.dd                        prep/v/vvb/vvb.prepost.dd
idx/v/vvi/image.blank.dd                prep/v/vvb/vvb.presgml.dd
idx/v/vvi/image.dd                      prep/v/vvb/vvb.single.blank.dd
idx/v/vvo/vvo.dd                        prep/v/vvo/vvo.extra.dd
idx/v/vvs-bib/vvs-bib.dd                prep/v/vvo/vvo.prepost.dd
idx/v/vvs-mods/vvs-mods.dd              prep/v/vvo/vvo.presgml.dd
idx/v/vvt/vvt.dd                        prep/v/vvo/vvo.single.blank.dd
idx/v/vvzBack/image.blank.dd            prep/v/vvs-bib/vvs-bib.extra.dd
idx/v/vvzBack/image.dd                  prep/v/vvs-bib/vvs-bib.prepost.dd
idx/v/vvz/image.blank.dd                prep/v/vvs-bib/vvs-bib.presgml.dd
idx/v/vvz/image.dd                      prep/v/vvs-bib/vvs-bib.single.blank.dd
idx/w/wcc-bib/wcc-bib.dd                prep/v/vvs-mods/vvs-mods.extra.dd
idx/w/wcc/image.blank.dd                prep/v/vvs-mods/vvs-mods.prepost.dd
idx/w/wcc/image.dd                      prep/v/vvs-mods/vvs-mods.presgml.dd
idx/w/workshopic/image.blank.dd         prep/v/vvs-mods/vvs-mods.single.blank.dd
idx/w/workshopic/image.dd               prep/v/vvt/vvt.extra.dd
prep/a/ar-mods/ar-mods.extra.dd         prep/v/vvt/vvt.prepost.dd
prep/a/ar-mods/ar-mods.prepost.dd       prep/v/vvt/vvt.presgml.dd
prep/a/ar-mods/ar-mods.presgml.dd       prep/v/vvt/vvt.single.blank.dd
prep/a/ar-mods/ar-mods.single.blank.dd
[root@diglib2 dlxs]# 
[root@diglib2 dlxs]# ls */*/*/*/*.dd
idx/a/arro/WW/arro.ww.blank.dd            idx/t/tdh/WW/tdh.ww.presgml.dd
idx/a/arro/WW/arro.ww.dd                  idx/t/test-harv/backup/bib-sample.dd
idx/a/arro/WW/arro.ww.prepost.dd          idx/t/test-harv/backup/harv.dd
idx/a/arro/WW/arro.ww.presgml.dd          idx/t/test-harv/backup/harv-empty.dd
idx/a/arrt/WW/arrt.ww.blank.dd            idx/v/vvb/WW/sample.ww.blank.dd
idx/a/arrt/WW/arrt.ww.dd                  idx/v/vvb/WW/vvb.ww.blank.dd
idx/a/arrt/WW/arrt.ww.prepost.dd          idx/v/vvb/WW/vvb.ww.dd
idx/a/arrt/WW/arrt.ww.presgml.dd          idx/v/vvb/WW/vvb.ww.prepost.dd
idx/a/arrt/WW/sample.ww.blank.dd          idx/v/vvb/WW/vvb.ww.presgml.dd
idx/e/emn/WW/emn.ww.blank.dd              idx/v/vvo/WW/sample.ww.blank.dd
idx/e/emn/WW/emn.ww.dd                    idx/v/vvo/WW/vvo.ww.blank.dd
idx/e/emn/WW/emn.ww.prepost.dd            idx/v/vvo/WW/vvo.ww.dd
idx/e/emn/WW/emn.ww.presgml.dd            idx/v/vvo/WW/vvo.ww.prepost.dd
idx/s/sampletc/WW/sampletc.ww.dd          idx/v/vvo/WW/vvo.ww.presgml.dd
idx/s/sampletc/WW/sampletc.ww.prepost.dd  idx/v/vvt/WW/sample.ww.blank.dd
idx/s/sampletc/WW/sampletc.ww.presgml.dd  idx/v/vvt/WW/vvt.ww.blank.dd
idx/s/spct/WW/sample.ww.blank.dd          idx/v/vvt/WW/vvt.ww.dd
idx/s/spct/WW/spct.ww.blank.dd            idx/v/vvt/WW/vvt.ww.prepost.dd
idx/s/spct/WW/spct.ww.dd                  idx/v/vvt/WW/vvt.ww.presgml.dd
idx/s/spct/WW/spct.ww.prepost.dd          prep/a/arr-bib/old/arr-bib.extra.dd
idx/s/spct/WW/spct.ww.presgml.dd          prep/a/arr-bib/old/arr-bib.prepost.dd
idx/t/tdh/WW/sample.ww.blank.dd           prep/a/arr-bib/old/arr-bib.presgml.dd
idx/t/tdh/WW/tdh.ww.blank.dd              prep/a/arr-bib/old/arr-bib.single.blank.dd
idx/t/tdh/WW/tdh.ww.dd                    prep/v/vvs-bib/old/vvs-bib.extra.dd
idx/t/tdh/WW/tdh.ww.prepost.dd
[root@diglib2 dlxs]# ls */*/*/*/*/*.dd
obj/b/bib/o/oai/oai.dd                  web/d/dlxsdocs/xpat/examples/consolidated-sample.dd
web/d/dlxsdocs/class/bib/bib-sample.dd  web/d/dlxsdocs/xpat/examples/mfs-sample.dd
[root@diglib2 dlxs]#  ls */*/*/*/*/*/*.dd
ls: */*/*/*/*/*/*.dd: No such file or directory