
cdeane@cricket7020 MINGW64 /c/0000_C_TREETOP/0000_TREETOP/00GitHub/TRACE (Sprint-#8)
$ cd ..

cdeane@cricket7020 MINGW64 /c/0000_C_TREETOP/0000_TREETOP/00GitHub
$ ls
0_0_0_0_0_0_0_0_0_0_0_0_0_0_0_0_ANCHOR/  catch_xmllint_errors/        islandora_ontology/
BagItPHP/                                chd_clip_board/              islandora_solution_pack_image/
CDF/                                     cmd.exe*                     islandora_vagrant/
CLAW/                                    docs/                        islandora_vagrant_base_box/
IslandoraCompoundObjectBatchIngest/      fedora_datastream_examples/  mods_ingest/
Python-for-CDF/                          giraph/                      nofrils/
TRACE/                                   glowing-octo-adventure/      pcdm/
Trace_chd_alt/                           hadoop/                      practical-graph-analytics-w-apache-giraph/
Trace_chd_alt2/                          ibu/                         py_update_solr_with_gsearch/
UTKdrupal/                               islandora_bagit/             src/
basic-solr-config/                       islandora_deployments/       tools/
bigtop/                                  islandora_manual/            trace_metadata_reports/
bookprep/                                islandora_oai/               utk_isl_xml_forms/

cdeane@cricket7020 MINGW64 /c/0000_C_TREETOP/0000_TREETOP/00GitHub
$ cd chd_clip_board/

cdeane@cricket7020 MINGW64 /c/0000_C_TREETOP/0000_TREETOP/00GitHub/chd_clip_board (master)
$ ls
161111.txt  README.md  cdf_311/

cdeane@cricket7020 MINGW64 /c/0000_C_TREETOP/0000_TREETOP/00GitHub/chd_clip_board (master)
$ mkdir training

cdeane@cricket7020 MINGW64 /c/0000_C_TREETOP/0000_TREETOP/00GitHub/chd_clip_board (master)
$ ls
161111.txt  README.md  cdf_311/  training/

cdeane@cricket7020 MINGW64 /c/0000_C_TREETOP/0000_TREETOP/00GitHub/chd_clip_board (master)
$ mkdir training/git/

cdeane@cricket7020 MINGW64 /c/0000_C_TREETOP/0000_TREETOP/00GitHub/chd_clip_board (master)
$ vi 161222_git_notes.txt

cdeane@cricket7020 MINGW64 /c/0000_C_TREETOP/0000_TREETOP/00GitHub/chd_clip_board (master)
$ vi bash_transcript_161222.txt

cdeane@cricket7020 MINGW64 /c/0000_C_TREETOP/0000_TREETOP/00GitHub/chd_clip_board (master)
$ git status
On branch master
Your branch is up-to-date with 'origin/master'.
Changes not staged for commit:
  (use "git add/rm <file>..." to update what will be committed)
    (use "git checkout -- <file>..." to discard changes in working directory)

            deleted:    161111.txt
	            deleted:    cdf_311/0116_000050_000311.mp4
		            deleted:    cdf_311/0116_000050_000311.xml

			    Untracked files:
			      (use "git add <file>..." to include in what will be committed)

			              cdf_drush/
				              training/

					      no changes added to commit (use "git add" and/or "git commit -a")

					      cdeane@cricket7020 MINGW64 /c/0000_C_TREETOP/0000_TREETOP/00GitHub/chd_clip_board (master)
					      $ ls cdf_drush
					      161111.txt  cdf_311/

					      cdeane@cricket7020 MINGW64 /c/0000_C_TREETOP/0000_TREETOP/00GitHub/chd_clip_board (master)
					      $ cd cdf_drush/cdf_311/

					      cdeane@cricket7020 MINGW64 /c/0000_C_TREETOP/0000_TREETOP/00GitHub/chd_clip_board/cdf_drush/cdf_311 (master)
					      $ ls
					      0116_000050_000311.mp4  0116_000050_000311.xml

					      cdeane@cricket7020 MINGW64 /c/0000_C_TREETOP/0000_TREETOP/00GitHub/chd_clip_board/cdf_drush/cdf_311 (master)
					      $ vi 0016_000050_000311.mp4.txt

					      cdeane@cricket7020 MINGW64 /c/0000_C_TREETOP/0000_TREETOP/00GitHub/chd_clip_board/cdf_drush/cdf_311 (master)
					      $ rm 0016_000050_000311.mp4
					      rm: cannot remove '0016_000050_000311.mp4': No such file or directory

					      cdeane@cricket7020 MINGW64 /c/0000_C_TREETOP/0000_TREETOP/00GitHub/chd_clip_board/cdf_drush/cdf_311 (master)
					      $ ls
					      0016_000050_000311.mp4.txt  0116_000050_000311.mp4  0116_000050_000311.xml

					      cdeane@cricket7020 MINGW64 /c/0000_C_TREETOP/0000_TREETOP/00GitHub/chd_clip_board/cdf_drush/cdf_311 (master)
					      $ mv 0016_000050_000311.mp4.txt 0116_000050_000311.mp4.txt

					      cdeane@cricket7020 MINGW64 /c/0000_C_TREETOP/0000_TREETOP/00GitHub/chd_clip_board/cdf_drush/cdf_311 (master)
					      $ rm 0116_000050_000311.mp4

					      cdeane@cricket7020 MINGW64 /c/0000_C_TREETOP/0000_TREETOP/00GitHub/chd_clip_board/cdf_drush/cdf_311 (master)
					      $ ls
					      0116_000050_000311.mp4.txt  0116_000050_000311.xml

					      cdeane@cricket7020 MINGW64 /c/0000_C_TREETOP/0000_TREETOP/00GitHub/chd_clip_board/cdf_drush/cdf_311 (master)
					      $ cd ../..

					      cdeane@cricket7020 MINGW64 /c/0000_C_TREETOP/0000_TREETOP/00GitHub/chd_clip_board (master)
					      $ ls
					      README.md  cdf_drush/  training/

					      cdeane@cricket7020 MINGW64 /c/0000_C_TREETOP/0000_TREETOP/00GitHub/chd_clip_board (master)
					      $ git status
					      On branch master
					      Your branch is up-to-date with 'origin/master'.
					      Changes not staged for commit:
					        (use "git add/rm <file>..." to update what will be committed)
						  (use "git checkout -- <file>..." to discard changes in working directory)

						          deleted:    161111.txt
							          deleted:    cdf_311/0116_000050_000311.mp4
								          deleted:    cdf_311/0116_000050_000311.xml

									  Untracked files:
									    (use "git add <file>..." to include in what will be committed)

									            cdf_drush/
										            training/

											    no changes added to commit (use "git add" and/or "git commit -a")

											    cdeane@cricket7020 MINGW64 /c/0000_C_TREETOP/0000_TREETOP/00GitHub/chd_clip_board (master)
											    $ git rm cdf_311/0116_000050_000311.mp4
											    rm 'cdf_311/0116_000050_000311.mp4'

											    cdeane@cricket7020 MINGW64 /c/0000_C_TREETOP/0000_TREETOP/00GitHub/chd_clip_board (master)
											    $ git status
											    On branch master
											    Your branch is up-to-date with 'origin/master'.
											    Changes to be committed:
											      (use "git reset HEAD <file>..." to unstage)

											              deleted:    cdf_311/0116_000050_000311.mp4

												      Changes not staged for commit:
												        (use "git add/rm <file>..." to update what will be committed)
													  (use "git checkout -- <file>..." to discard changes in working directory)

													          deleted:    161111.txt
														          deleted:    cdf_311/0116_000050_000311.xml

															  Untracked files:
															    (use "git add <file>..." to include in what will be committed)

															            cdf_drush/
																            training/


																	    cdeane@cricket7020 MINGW64 /c/0000_C_TREETOP/0000_TREETOP/00GitHub/chd_clip_board (master)
																	    $ git rm 16111.txt
																	    fatal: pathspec '16111.txt' did not match any files

																	    cdeane@cricket7020 MINGW64 /c/0000_C_TREETOP/0000_TREETOP/00GitHub/chd_clip_board (master)
																	    $ git rm 16111.txt
																	    fatal: pathspec '16111.txt' did not match any files

																	    cdeane@cricket7020 MINGW64 /c/0000_C_TREETOP/0000_TREETOP/00GitHub/chd_clip_board (master)
																	    $ git rm 161111.txt
																	    rm '161111.txt'

																	    cdeane@cricket7020 MINGW64 /c/0000_C_TREETOP/0000_TREETOP/00GitHub/chd_clip_board (master)
																	    $ git status
																	    On branch master
																	    Your branch is up-to-date with 'origin/master'.
																	    Changes to be committed:
																	      (use "git reset HEAD <file>..." to unstage)

																	              deleted:    161111.txt
																		              deleted:    cdf_311/0116_000050_000311.mp4

																			      Changes not staged for commit:
																			        (use "git add/rm <file>..." to update what will be committed)
																				  (use "git checkout -- <file>..." to discard changes in working directory)

																				          deleted:    cdf_311/0116_000050_000311.xml

																					  Untracked files:
																					    (use "git add <file>..." to include in what will be committed)

																					            cdf_drush/
																						            training/


																							    cdeane@cricket7020 MINGW64 /c/0000_C_TREETOP/0000_TREETOP/00GitHub/chd_clip_board (master)
																							    $ git rm cdf_311/0116)000050_000311.xml
																							    bash: syntax error near unexpected token `)'

																							    cdeane@cricket7020 MINGW64 /c/0000_C_TREETOP/0000_TREETOP/00GitHub/chd_clip_board (master)
																							    $ git rm cdf_311/0116_000050_000311.xml
																							    rm 'cdf_311/0116_000050_000311.xml'

																							    cdeane@cricket7020 MINGW64 /c/0000_C_TREETOP/0000_TREETOP/00GitHub/chd_clip_board (master)
																							    $ git status
																							    On branch master
																							    Your branch is up-to-date with 'origin/master'.
																							    Changes to be committed:
																							      (use "git reset HEAD <file>..." to unstage)

																							              deleted:    161111.txt
																								              deleted:    cdf_311/0116_000050_000311.mp4
																									              deleted:    cdf_311/0116_000050_000311.xml

																										      Untracked files:
																										        (use "git add <file>..." to include in what will be committed)

																											        cdf_drush/
																												        training/


																													cdeane@cricket7020 MINGW64 /c/0000_C_TREETOP/0000_TREETOP/00GitHub/chd_clip_board (master)
																													$ git add .
																													warning: CRLF will be replaced by LF in cdf_drush/161111.txt.
																													The file will have its original line endings in your working directory.
																													warning: CRLF will be replaced by LF in cdf_drush/cdf_311/0116_000050_000311.xml.
																													The file will have its original line endings in your working directory.
																													warning: CRLF will be replaced by LF in training/git/bash_transcript_sprint8_161222.txt.
																													The file will have its original line endings in your working directory.

																													cdeane@cricket7020 MINGW64 /c/0000_C_TREETOP/0000_TREETOP/00GitHub/chd_clip_board (master)
																													$ git commit -m "reorganize clip_board"
																													[master e9ce9b9] reorganize clip_board
																													 7 files changed, 1074 insertions(+), 8 deletions(-)
																													  delete mode 100644 cdf_311/0116_000050_000311.mp4
																													   rename 161111.txt => cdf_drush/161111.txt (92%)
																													    create mode 100644 cdf_drush/cdf_311/0116_000050_000311.mp4.txt
																													     rename {cdf_311 => cdf_drush/cdf_311}/0116_000050_000311.xml (100%)
																													      create mode 100644 training/git/161222_git_notes.txt
																													       create mode 100644 training/git/161223_git_notes.txt
																													        create mode 100644 training/git/bash_transcript_sprint8_161222.txt

																														cdeane@cricket7020 MINGW64 /c/0000_C_TREETOP/0000_TREETOP/00GitHub/chd_clip_board (master)
																														$ git push
																														Counting objects: 11, done.
																														Delta compression using up to 8 threads.
																														Compressing objects: 100% (9/9), done.
																														Writing objects: 100% (11/11), 8.93 KiB | 0 bytes/s, done.
																														Total 11 (delta 0), reused 0 (delta 0)
																														To https://github.com/cdeaneGit/chd_clip_board
																														   1e872cb..e9ce9b9  master -> master

																														   cdeane@cricket7020 MINGW64 /c/0000_C_TREETOP/0000_TREETOP/00GitHub/chd_clip_board (master)
																														   $
