SHOW MOVING FROM TRACE (Sprint-#7 TO TRACE (Sprint-#8)

cdeane@cricket7020 MINGW64 /c/0000_C_TREETOP/0000_TREETOP/00GitHub/TRACE (Sprint-#7)
$ date
Thu Dec 22 13:15:29 EST 2016

cdeane@cricket7020 MINGW64 /c/0000_C_TREETOP/0000_TREETOP/00GitHub/TRACE (Sprint-#7)
$ cd ..

cdeane@cricket7020 MINGW64 /c/0000_C_TREETOP/0000_TREETOP/00GitHub
$ ls -la
total 536
drwxr-xr-x 1 cdeane 1049089      0 Dec 13 14:49 ./
drwxr-xr-x 1 cdeane 1049089      0 Dec  7 14:11 ../
drwxr-xr-x 1 cdeane 1049089      0 Sep 30 16:55 0_0_0_0_0_0_0_0_0_0_0_0_0_0_0_0_ANCHOR/
drwxr-xr-x 1 cdeane 1049089      0 Jul  5 15:41 BagItPHP/
drwxr-xr-x 1 cdeane 1049089      0 Nov  3 12:04 CDF/
drwxr-xr-x 1 cdeane 1049089      0 Mar 16  2016 CLAW/
drwxr-xr-x 1 cdeane 1049089      0 Aug 17 14:35 IslandoraCompoundObjectBatchIngest/
drwxr-xr-x 1 cdeane 1049089      0 Nov  8 16:21 Python-for-CDF/
drwxr-xr-x 1 cdeane 1049089      0 Dec 14 12:29 TRACE/
drwxr-xr-x 1 cdeane 1049089      0 Oct 14 16:37 Trace_chd_alt/
drwxr-xr-x 1 cdeane 1049089      0 Dec 10 16:51 Trace_chd_alt2/
drwxr-xr-x 1 cdeane 1049089      0 Nov  3 10:01 UTKdrupal/
drwxr-xr-x 1 cdeane 1049089      0 Aug  4 15:29 basic-solr-config/
drwxr-xr-x 1 cdeane 1049089      0 Dec 13 13:27 bigtop/
drwxr-xr-x 1 cdeane 1049089      0 Nov  3 12:50 bookprep/
drwxr-xr-x 1 cdeane 1049089      0 Jul 29 14:07 catch_xmllint_errors/
drwxr-xr-x 1 cdeane 1049089      0 Nov 14 13:13 chd_clip_board/
-rwxr-xr-x 1 cdeane 1049089 389120 Apr 13  2008 cmd.exe*
drwxr-xr-x 1 cdeane 1049089      0 Feb 19  2016 docs/
drwxr-xr-x 1 cdeane 1049089      0 Apr 29  2016 fedora_datastream_examples/
drwxr-xr-x 1 cdeane 1049089      0 Dec 13 13:18 giraph/
drwxr-xr-x 1 cdeane 1049089      0 May 18  2016 glowing-octo-adventure/
drwxr-xr-x 1 cdeane 1049089      0 Dec 13 13:23 hadoop/
drwxr-xr-x 1 cdeane 1049089      0 Mar 30  2016 ibu/
drwxr-xr-x 1 cdeane 1049089      0 Jul 12 12:09 islandora_bagit/
drwxr-xr-x 1 cdeane 1049089      0 May 18  2016 islandora_deployments/
drwxr-xr-x 1 cdeane 1049089      0 Sep 12 16:31 islandora_manual/
drwxr-xr-x 1 cdeane 1049089      0 Apr 29  2016 islandora_oai/
drwxr-xr-x 1 cdeane 1049089      0 Aug 25 13:41 islandora_ontology/
drwxr-xr-x 1 cdeane 1049089      0 Sep 30 16:56 islandora_solution_pack_image/
drwxr-xr-x 1 cdeane 1049089      0 Dec  6 16:27 islandora_vagrant/
drwxr-xr-x 1 cdeane 1049089      0 Oct 31 16:12 islandora_vagrant_base_box/
drwxr-xr-x 1 cdeane 1049089      0 Feb  7  2016 mods_ingest/
drwxr-xr-x 1 cdeane 1049089      0 Dec 13 14:49 nofrils/
drwxr-xr-x 1 cdeane 1049089      0 Mar  4  2016 pcdm/
drwxr-xr-x 1 cdeane 1049089      0 Dec 13 14:08 practical-graph-analytics-w-apache-giraph/
drwxr-xr-x 1 cdeane 1049089      0 Apr 29  2016 py_update_solr_with_gsearch/
drwxr-xr-x 1 cdeane 1049089      0 Feb 19  2016 src/
drwxr-xr-x 1 cdeane 1049089      0 Feb 19  2016 tools/
drwxr-xr-x 1 cdeane 1049089      0 Aug 30 16:28 trace_metadata_reports/
drwxr-xr-x 1 cdeane 1049089      0 Oct 14 12:16 utk_isl_xml_forms/

cdeane@cricket7020 MINGW64 /c/0000_C_TREETOP/0000_TREETOP/00GitHub
$

cdeane@cricket7020 MINGW64 /c/0000_C_TREETOP/0000_TREETOP/00GitHub
$ cd C:\
>

cdeane@cricket7020 MINGW64 /c/0000_C_TREETOP/0000_TREETOP/00GitHub
$ cd ..\..\..\..
bash: cd: ........: No such file or directory

cdeane@cricket7020 MINGW64 /c/0000_C_TREETOP/0000_TREETOP/00GitHub
$ cd ..

cdeane@cricket7020 MINGW64 /c/0000_C_TREETOP/0000_TREETOP
$ cd ..

cdeane@cricket7020 MINGW64 /c/0000_C_TREETOP
$ cd ..

cdeane@cricket7020 MINGW64 /c
$ ls -la
total 14549892
drwxr-xr-x 1 cdeane 1049089          0 Mar 18  2015 '$Recycle.Bin'/
drwxr-xr-x 1 cdeane 1049089          0 Dec 16 18:46 ./
drwxr-xr-x 1 cdeane 1049089          0 Dec 13 15:37 ../
drwxr-xr-x 1 cdeane 1049089          0 Dec 12 10:52 .vagrant/
drwxr-xr-x 1 cdeane 1049089          0 Dec 13 11:49 0000_CDEANE_SSH_DEPOT/
drwxr-xr-x 1 cdeane 1049089          0 Aug  2 15:09 0000_C_TREETOP/
drwxr-xr-x 1 cdeane 1049089          0 Mar  8  2016 00CLAW/
drwxr-xr-x 1 cdeane 1049089          0 Mar 24  2016 00DATA/
drwxr-xr-x 1 cdeane 1049089          0 Nov 11  2015 00GG/
drwxr-xr-x 1 cdeane 1049089          0 Dec 16 14:51 00GitHub_support/
drwxr-xr-x 1 cdeane 1049089          0 Sep 25  2015 00HH/
drwxr-xr-x 1 cdeane 1049089          0 Feb 25  2016 00NODEJS/
drwxr-xr-x 1 cdeane 1049089          0 Sep 30 13:18 00TT/
drwxr-xr-x 1 cdeane 1049089          0 Dec  6 10:47 00VV/
drwxr-xr-x 1 cdeane 1049089          0 Feb 10  2016 AlertusInstall/
lrwxrwxrwx 1 cdeane 1049089          8 Jul 14  2009 'Documents and Settings' -> /c/Users/
drwxr-xr-x 1 cdeane 1049089          0 Nov  4  2015 FLASH_151204/
-rwxr-xr-x 1 cdeane 1049089   34463528 Dec  7 13:17 Git-2.11.0-64-bit.exe*
drwxr-xr-x 1 cdeane 1049089          0 Oct 28 14:36 HashiCorp/
drwxr-xr-x 1 cdeane 1049089          0 Dec 17  2014 Intel/
drwxr-xr-x 1 cdeane 1049089          0 Dec 18  2014 MSOCache/
drwxr-xr-x 1 cdeane 1049089          0 Sep 30 13:32 'New folder'/
drwxr-xr-x 1 cdeane 1049089          0 Jul 13  2009 PerfLogs/
drwxr-xr-x 1 cdeane 1049089          0 Dec  7 14:02 'Program Files'/
drwxr-xr-x 1 cdeane 1049089          0 Dec 16 18:41 'Program Files (x86)'/
drwxr-xr-x 1 cdeane 1049089          0 Jul 15 15:48 ProgramData/
drwxr-xr-x 1 cdeane 1049089          0 Mar 17  2015 Python27/
drwxr-xr-x 1 cdeane 1049089          0 Dec 17  2014 Recovery/
drwxr-xr-x 1 cdeane 1049089          0 Dec 21 02:02 'System Volume Information'/
drwxr-xr-x 1 cdeane 1049089          0 Apr 25  2016 TRANSCRIPT/
drwxr-xr-x 1 cdeane 1049089          0 Mar 18  2015 Users/
drwxr-xr-x 1 cdeane 1049089          0 Dec  6 13:26 Windows/
drwxr-xr-x 1 cdeane 1049089          0 Mar 18  2015 arcgis/
-rwxr-xr-x 1 cdeane 1049089     389120 Apr 13  2008 cmd.exe*
drwxr-xr-x 1 cdeane 1049089          0 Mar 29  2016 data/
-rw-r--r-- 1 cdeane 1049089 6370246656 Dec 14 03:38 hiberfil.sys
drwxr-xr-x 1 cdeane 1049089          0 Mar 30  2016 mongodb/
-rw-r--r-- 1 cdeane 1049089 8493666304 Dec 14 03:38 pagefile.sys
drwxr-xr-x 1 cdeane 1049089          0 Mar 30  2016 zmongodb/

cdeane@cricket7020 MINGW64 /c
$ cd Program
Program Files/       Program Files (x86)/ ProgramData/

cdeane@cricket7020 MINGW64 /c
$ cd Program Files (x86)
bash: syntax error near unexpected token `('

cdeane@cricket7020 MINGW64 /c
$ cd 'Program Files (x86)'

cdeane@cricket7020 MINGW64 /c/Program Files (x86)
$ ls -la
total 185

drwxr-xr-x 1 cdeane 1049089   0 Dec 16 18:46 ../
drwxr-xr-x 1 cdeane 1049089   0 Mar 16  2015 Adobe/
drwxr-xr-x 1 cdeane 1049089   0 Feb 10  2016 'Alertus Technologies'/
drwxr-xr-x 1 cdeane 1049089   0 Nov  2 10:24 'Apple Software Update'/
drwxr-xr-x 1 cdeane 1049089   0 Mar 17  2015 ArcGIS/
drwxr-xr-x 1 cdeane 1049089   0 Apr  1  2015 Atlassian/
drwxr-xr-x 1 cdeane 1049089   0 Mar 17  2015 Bonjour/
drwxr-xr-x 1 cdeane 1049089   0 Jun 27 17:08 'Common Files'/
drwxr-xr-x 1 cdeane 1049089   0 Mar 17  2015 CyberLink/
drwxr-xr-x 1 cdeane 1049089   0 Aug 31 16:48 Google/
drwxr-xr-x 1 cdeane 1049089   0 Mar 17  2015 'InstallShield Installation Information'/

drwxr-xr-x 1 cdeane 1049089   0 Dec 14 03:35 'Internet Explorer'/
drwxr-xr-x 1 cdeane 1049089   0 Mar 16  2015 Java/
drwxr-xr-x 1 cdeane 1049089   0 Mar 17  2015 'LibreOffice 4'/
drwxr-xr-x 1 cdeane 1049089   0 Jul 14  2009 MSBuild/
drwxr-xr-x 1 cdeane 1049089   0 Mar 17  2015 'MSXML 4.0'/
drwxr-xr-x 1 cdeane 1049089   0 Mar 16  2015 MagicDisc/
drwxr-xr-x 1 cdeane 1049089   0 Mar 16  2015 'Malwarebytes'\'' Anti-Malware'/
drwxr-xr-x 1 cdeane 1049089   0 Mar 16  2015 'Malwarebytes'\'' Managed Client'/
drwxr-xr-x 1 cdeane 1049089   0 Dec 18  2014 'Microsoft Analysis Services'/
drwxr-xr-x 1 cdeane 1049089   0 Nov 13  2015 'Microsoft Office'/
drwxr-xr-x 1 cdeane 1049089   0 Nov 13  2015 'Microsoft SQL Server'/
drwxr-xr-x 1 cdeane 1049089   0 Oct 29 03:00 'Microsoft Security Client'/
drwxr-xr-x 1 cdeane 1049089   0 Oct 12 03:31 'Microsoft Silverlight'/
drwxr-xr-x 1 cdeane 1049089   0 Nov 13  2015 Microsoft.NET/
drwxr-xr-x 1 cdeane 1049089   0 Dec 14 21:39 'Mozilla Firefox'/
drwxr-xr-x 1 cdeane 1049089   0 Dec 13 03:32 'Mozilla Maintenance Service'/
drwxr-xr-x 1 cdeane 1049089   0 Mar 17  2015 'Mozilla Thunderbird'/
drwxr-xr-x 1 cdeane 1049089   0 Nov  2 10:23 QuickTime/
drwxr-xr-x 1 cdeane 1049089   0 Jul 14  2009 'Reference Assemblies'/
drwxr-xr-x 1 cdeane 1049089   0 Dec 18  2014 Roxio/
drwxr-xr-x 1 cdeane 1049089   0 Jan 13  2016 SAManage/
drwxr-xr-x 1 cdeane 1049089   0 Aug  1 16:26 Skype/
drwxr-xr-x 1 cdeane 1049089   0 Jul 14  2009 'Uninstall Information'/
drwxr-xr-x 1 cdeane 1049089   0 Mar 17  2015 WinSCP/
drwxr-xr-x 1 cdeane 1049089   0 Dec 18  2014 'Windows Defender'/
drwxr-xr-x 1 cdeane 1049089   0 Nov 21  2010 'Windows Mail'/
drwxr-xr-x 1 cdeane 1049089   0 Oct 12 03:29 'Windows Media Player'/
drwxr-xr-x 1 cdeane 1049089   0 Jul 14  2009 'Windows NT'/
drwxr-xr-x 1 cdeane 1049089   0 Nov 21  2010 'Windows Photo Viewer'/
drwxr-xr-x 1 cdeane 1049089   0 Nov 20  2010 'Windows Portable Devices'/
drwxr-xr-x 1 cdeane 1049089   0 Nov 21  2010 'Windows Sidebar'/
-rw-r--r-- 1 cdeane 1049089 174 Jul 14  2009 desktop.ini

drwxr-xr-x 1 cdeane 1049089   0 Mar 18  2015 vim_for_windows128/

cdeane@cricket7020 MINGW64 /c/Program Files (x86)
$ cd ../

cdeane@cricket7020 MINGW64 /c
$ dir
$Recycle.Bin           00NODEJS                  Intel                  Recovery                     hiberfil.sys
0000_CDEANE_SSH_DEPOT  00TT                      MSOCache               System\ Volume\ Information  mongodb
0000_C_TREETOP         00VV                      New\ folder            TRANSCRIPT                   pagefile.sys
00CLAW                 AlertusInstall            PerfLogs               Users                        zmongodb
00DATA                 Documents\ and\ Settings  Program\ Files         Windows


00HH                   HashiCorp                 Python27               data

cdeane@cricket7020 MINGW64 /c
$ cd 0000_C_TREETOP

cdeane@cricket7020 MINGW64 /c/0000_C_TREETOP
$ dir
0000_GITHUB_SHORTCUT  00GitHub\ -\ Shortcut.lnk  _thumb_10202.png     kefauver_thumb.png      modsxml_01  modules
0000_TREETOP          CDAN_dlstore               kefauver_banner.png  kefauver_thumbnail.png  modsxml_02

cdeane@cricket7020 MINGW64 /c/0000_C_TREETOP
$ cd 0000_TREETOP

cdeane@cricket7020 MINGW64 /c/0000_C_TREETOP/0000_TREETOP
$ dir
0000_CDEANE_SSH_DEPOT\ -\ Shortcut.lnk  00GitHub2                          00VV\ -\ Shortcut.lnk  codeNJS.lnk
00GG\ -\ Shortcut.lnk                   00GitHub_support\ -\ Shortcut.lnk  CompoundObjectDoc      img
00GitHub                                00HH.lnk                           Git
00GitHub\ -\ Shortcut.lnk               00TT.lnk                           cdeane_GITHUB.lnk

cdeane@cricket7020 MINGW64 /c/0000_C_TREETOP/0000_TREETOP
$ ls -la Git
total 2893
drwxr-xr-x 1 cdeane 1049089       0 Dec 13 15:37 ./
drwxr-xr-x 1 cdeane 1049089       0 Dec  7 14:11 ../
-rw-r--r-- 1 cdeane 1049089      40 Dec 13 15:37 .vimrc
-rw-r--r-- 1 cdeane 1049089   18765 Aug  9 17:54 LICENSE.txt
-rw-r--r-- 1 cdeane 1049089   85802 Dec  1 12:38 ReleaseNotes.html
drwxr-xr-x 1 cdeane 1049089       0 Dec  7 14:11 bin/
drwxr-xr-x 1 cdeane 1049089       0 Dec 13 09:27 cmd/
drwxr-xr-x 1 cdeane 1049089       0 Dec  7 14:12 dev/
drwxr-xr-x 1 cdeane 1049089       0 Dec  7 14:12 etc/
-rwxr-xr-x 1 cdeane 1049089  139776 Dec  7 14:12 git-bash.exe*
-rwxr-xr-x 1 cdeane 1049089  150760 Dec  1 12:05 git-cmd.exe*
drwxr-xr-x 1 cdeane 1049089       0 Dec  7 14:11 mingw64/
drwxr-xr-x 1 cdeane 1049089       0 Dec  7 14:12 tmp/
-rw-r--r-- 1 cdeane 1049089 1218771 Dec  7 14:12 unins000.dat
-rwxr-xr-x 1 cdeane 1049089 1293032 Dec  7 14:02 unins000.exe*
-rw-r--r-- 1 cdeane 1049089   22811 Dec  7 14:12 unins000.msg
drwxr-xr-x 1 cdeane 1049089       0 Dec  7 14:12 usr/

cdeane@cricket7020 MINGW64 /c/0000_C_TREETOP/0000_TREETOP
$ cd 00GitHub

cdeane@cricket7020 MINGW64 /c/0000_C_TREETOP/0000_TREETOP/00GitHub
$ ls
0_0_0_0_0_0_0_0_0_0_0_0_0_0_0_0_ANCHOR/  catch_xmllint_errors/        islandora_ontology/
BagItPHP/                                chd_clip_board/              islandora_solution_pack_image/
CDF/                                     cmd.exe*                     islandora_vagrant/
CLAW/                                    docs/                        islandora_vagrant_base_box/
IslandoraCompoundObjectBatchIngest/      fedora_datastream_examples/  mods_ingest/
Python-for-CDF/                          giraph/                      nofrils/
TRACE/                                   glowing-octo-adventure/      pcdm/
Trace_chd_alt/                           hadoop/                      practical-graph-analytics-w-apache-giraph/
Trace_chd_alt2/                          ibu/                         py_update_solr_with_gsearch/
UTKdrupal/                               islandora_bagit/             src/
basic-solr-config/                       islandora_deployments/       tools/
bigtop/                                  islandora_manual/            trace_metadata_reports/
bookprep/                                islandora_oai/               utk_isl_xml_forms/

cdeane@cricket7020 MINGW64 /c/0000_C_TREETOP/0000_TREETOP/00GitHub
$ ls -la
total 536
drwxr-xr-x 1 cdeane 1049089      0 Dec 13 14:49 ./
drwxr-xr-x 1 cdeane 1049089      0 Dec  7 14:11 ../
drwxr-xr-x 1 cdeane 1049089      0 Sep 30 16:55 0_0_0_0_0_0_0_0_0_0_0_0_0_0_0_0_ANCHOR/
drwxr-xr-x 1 cdeane 1049089      0 Jul  5 15:41 BagItPHP/
drwxr-xr-x 1 cdeane 1049089      0 Nov  3 12:04 CDF/
drwxr-xr-x 1 cdeane 1049089      0 Mar 16  2016 CLAW/
drwxr-xr-x 1 cdeane 1049089      0 Aug 17 14:35 IslandoraCompoundObjectBatchIngest/
drwxr-xr-x 1 cdeane 1049089      0 Nov  8 16:21 Python-for-CDF/

drwxr-xr-x 1 cdeane 1049089      0 Oct 14 16:37 Trace_chd_alt/
drwxr-xr-x 1 cdeane 1049089      0 Dec 10 16:51 Trace_chd_alt2/
drwxr-xr-x 1 cdeane 1049089      0 Nov  3 10:01 UTKdrupal/
drwxr-xr-x 1 cdeane 1049089      0 Aug  4 15:29 basic-solr-config/
drwxr-xr-x 1 cdeane 1049089      0 Dec 13 13:27 bigtop/
drwxr-xr-x 1 cdeane 1049089      0 Nov  3 12:50 bookprep/
drwxr-xr-x 1 cdeane 1049089      0 Jul 29 14:07 catch_xmllint_errors/
drwxr-xr-x 1 cdeane 1049089      0 Nov 14 13:13 chd_clip_board/
-rwxr-xr-x 1 cdeane 1049089 389120 Apr 13  2008 cmd.exe*
drwxr-xr-x 1 cdeane 1049089      0 Feb 19  2016 docs/
drwxr-xr-x 1 cdeane 1049089      0 Apr 29  2016 fedora_datastream_examples/
drwxr-xr-x 1 cdeane 1049089      0 Dec 13 13:18 giraph/
drwxr-xr-x 1 cdeane 1049089      0 May 18  2016 glowing-octo-adventure/
drwxr-xr-x 1 cdeane 1049089      0 Dec 13 13:23 hadoop/
drwxr-xr-x 1 cdeane 1049089      0 Mar 30  2016 ibu/
drwxr-xr-x 1 cdeane 1049089      0 Jul 12 12:09 islandora_bagit/
drwxr-xr-x 1 cdeane 1049089      0 May 18  2016 islandora_deployments/
drwxr-xr-x 1 cdeane 1049089      0 Sep 12 16:31 islandora_manual/
drwxr-xr-x 1 cdeane 1049089      0 Apr 29  2016 islandora_oai/
drwxr-xr-x 1 cdeane 1049089      0 Aug 25 13:41 islandora_ontology/
drwxr-xr-x 1 cdeane 1049089      0 Sep 30 16:56 islandora_solution_pack_image/
drwxr-xr-x 1 cdeane 1049089      0 Dec  6 16:27 islandora_vagrant/
drwxr-xr-x 1 cdeane 1049089      0 Oct 31 16:12 islandora_vagrant_base_box/

drwxr-xr-x 1 cdeane 1049089      0 Dec 13 14:49 nofrils/
drwxr-xr-x 1 cdeane 1049089      0 Mar  4  2016 pcdm/
drwxr-xr-x 1 cdeane 1049089      0 Dec 13 14:08 practical-graph-analytics-w-apache-giraph/
drwxr-xr-x 1 cdeane 1049089      0 Apr 29  2016 py_update_solr_with_gsearch/
drwxr-xr-x 1 cdeane 1049089      0 Feb 19  2016 src/
drwxr-xr-x 1 cdeane 1049089      0 Feb 19  2016 tools/
drwxr-xr-x 1 cdeane 1049089      0 Aug 30 16:28 trace_metadata_reports/
drwxr-xr-x 1 cdeane 1049089      0 Oct 14 12:16 utk_isl_xml_forms/

cdeane@cricket7020 MINGW64 /c/0000_C_TREETOP/0000_TREETOP/00GitHub
$ cd TRACE

cdeane@cricket7020 MINGW64 /c/0000_C_TREETOP/0000_TREETOP/00GitHub/TRACE (Sprint-#7)
$ ls
README.md  ROADMAP.md  Vagrantfile  configs/  files/  scripts/

cdeane@cricket7020 MINGW64 /c/0000_C_TREETOP/0000_TREETOP/00GitHub/TRACE (Sprint-#7)
$ ls -la
total 61
drwxr-xr-x 1 cdeane 1049089    0 Dec 14 12:29 ./
drwxr-xr-x 1 cdeane 1049089    0 Dec 13 14:49 ../
drwxr-xr-x 1 cdeane 1049089    0 Dec 16 17:12 .git/
-rw-r--r-- 1 cdeane 1049089 2467 Dec  7 15:58 .gitattributes
-rw-r--r-- 1 cdeane 1049089  745 Dec 14 10:50 .gitignore
-rw-r--r-- 1 cdeane 1049089    1 Dec  7 15:56 .gitmodules
drwxr-xr-x 1 cdeane 1049089    0 Dec  7 15:56 .travis/
-rw-r--r-- 1 cdeane 1049089 3287 Dec  7 15:58 .travis.yml
drwxr-xr-x 1 cdeane 1049089    0 Dec  7 15:58 .vagrant/
-rw-r--r-- 1 cdeane 1049089 5743 Dec  7 15:58 README.md
-rw-r--r-- 1 cdeane 1049089 1804 Dec  7 15:58 ROADMAP.md
-rw-r--r-- 1 cdeane 1049089 2675 Dec  7 15:58 Vagrantfile
drwxr-xr-x 1 cdeane 1049089    0 Dec 16 17:12 configs/
drwxr-xr-x 1 cdeane 1049089    0 Dec 14 10:48 files/
drwxr-xr-x 1 cdeane 1049089    0 Dec 16 17:12 scripts/

cdeane@cricket7020 MINGW64 /c/0000_C_TREETOP/0000_TREETOP/00GitHub/TRACE (Sprint-#7)
$ ls .git/
COMMIT_EDITMSG  HEAD       config       hooks/  info/  objects/     refs/
FETCH_HEAD      ORIG_HEAD  description  index   logs/  packed-refs

cdeane@cricket7020 MINGW64 /c/0000_C_TREETOP/0000_TREETOP/00GitHub/TRACE (Sprint-#7)
$ ls -la .git
total 37
drwxr-xr-x 1 cdeane 1049089    0 Dec 16 17:12 ./
drwxr-xr-x 1 cdeane 1049089    0 Dec 14 12:29 ../
-rw-r--r-- 1 cdeane 1049089  148 Dec 14 14:34 COMMIT_EDITMSG
-rw-r--r-- 1 cdeane 1049089  976 Dec 16 17:12 FETCH_HEAD
-rw-r--r-- 1 cdeane 1049089   26 Dec 14 10:50 HEAD
-rw-r--r-- 1 cdeane 1049089   41 Dec 16 17:12 ORIG_HEAD
-rw-r--r-- 1 cdeane 1049089  379 Dec  7 15:58 config
-rw-r--r-- 1 cdeane 1049089   73 Dec  7 15:56 description
drwxr-xr-x 1 cdeane 1049089    0 Dec  7 15:56 hooks/
-rw-r--r-- 1 cdeane 1049089 7336 Dec 16 17:12 index
drwxr-xr-x 1 cdeane 1049089    0 Dec 14 10:51 info/
drwxr-xr-x 1 cdeane 1049089    0 Dec 14 10:51 logs/
drwxr-xr-x 1 cdeane 1049089    0 Dec 16 17:12 objects/
-rw-r--r-- 1 cdeane 1049089  777 Dec 14 10:51 packed-refs
drwxr-xr-x 1 cdeane 1049089    0 Dec 14 10:51 refs/

cdeane@cricket7020 MINGW64 /c/0000_C_TREETOP/0000_TREETOP/00GitHub/TRACE (Sprint-#7)
$ ls -la .gitattributes
-rw-r--r-- 1 cdeane 1049089 2467 Dec  7 15:58 .gitattributes

cdeane@cricket7020 MINGW64 /c/0000_C_TREETOP/0000_TREETOP/00GitHub/TRACE (Sprint-#7)
$ vi .gitattributes

cdeane@cricket7020 MINGW64 /c/0000_C_TREETOP/0000_TREETOP/00GitHub/TRACE (Sprint-#7)
$ ls -la
total 61
drwxr-xr-x 1 cdeane 1049089    0 Dec 22 13:26 ./
drwxr-xr-x 1 cdeane 1049089    0 Dec 13 14:49 ../
drwxr-xr-x 1 cdeane 1049089    0 Dec 16 17:12 .git/
-rw-r--r-- 1 cdeane 1049089 2467 Dec  7 15:58 .gitattributes
-rw-r--r-- 1 cdeane 1049089  745 Dec 14 10:50 .gitignore
-rw-r--r-- 1 cdeane 1049089    1 Dec  7 15:56 .gitmodules
drwxr-xr-x 1 cdeane 1049089    0 Dec  7 15:56 .travis/
-rw-r--r-- 1 cdeane 1049089 3287 Dec  7 15:58 .travis.yml
drwxr-xr-x 1 cdeane 1049089    0 Dec  7 15:58 .vagrant/
-rw-r--r-- 1 cdeane 1049089 5743 Dec  7 15:58 README.md
-rw-r--r-- 1 cdeane 1049089 1804 Dec  7 15:58 ROADMAP.md
-rw-r--r-- 1 cdeane 1049089 2675 Dec  7 15:58 Vagrantfile
drwxr-xr-x 1 cdeane 1049089    0 Dec 16 17:12 configs/
drwxr-xr-x 1 cdeane 1049089    0 Dec 14 10:48 files/
drwxr-xr-x 1 cdeane 1049089    0 Dec 16 17:12 scripts/

cdeane@cricket7020 MINGW64 /c/0000_C_TREETOP/0000_TREETOP/00GitHub/TRACE (Sprint-#7)
$ ls .gitignore
.gitignore

cdeane@cricket7020 MINGW64 /c/0000_C_TREETOP/0000_TREETOP/00GitHub/TRACE (Sprint-#7)
$ vi .gitignore

cdeane@cricket7020 MINGW64 /c/0000_C_TREETOP/0000_TREETOP/00GitHub/TRACE (Sprint-#7)
$ vi .gitmodules

cdeane@cricket7020 MINGW64 /c/0000_C_TREETOP/0000_TREETOP/00GitHub/TRACE (Sprint-#7)
$ ls .travis/
TRACE.enc

cdeane@cricket7020 MINGW64 /c/0000_C_TREETOP/0000_TREETOP/00GitHub/TRACE (Sprint-#7)
$ ls -la
total 61
drwxr-xr-x 1 cdeane 1049089    0 Dec 22 13:27 ./
drwxr-xr-x 1 cdeane 1049089    0 Dec 13 14:49 ../
drwxr-xr-x 1 cdeane 1049089    0 Dec 16 17:12 .git/
-rw-r--r-- 1 cdeane 1049089 2467 Dec  7 15:58 .gitattributes

-rw-r--r-- 1 cdeane 1049089    1 Dec  7 15:56 .gitmodules
drwxr-xr-x 1 cdeane 1049089    0 Dec  7 15:56 .travis/
-rw-r--r-- 1 cdeane 1049089 3287 Dec  7 15:58 .travis.yml
drwxr-xr-x 1 cdeane 1049089    0 Dec  7 15:58 .vagrant/
-rw-r--r-- 1 cdeane 1049089 5743 Dec  7 15:58 README.md
-rw-r--r-- 1 cdeane 1049089 1804 Dec  7 15:58 ROADMAP.md
-rw-r--r-- 1 cdeane 1049089 2675 Dec  7 15:58 Vagrantfile
drwxr-xr-x 1 cdeane 1049089    0 Dec 16 17:12 configs/
drwxr-xr-x 1 cdeane 1049089    0 Dec 14 10:48 files/
drwxr-xr-x 1 cdeane 1049089    0 Dec 16 17:12 scripts/

cdeane@cricket7020 MINGW64 /c/0000_C_TREETOP/0000_TREETOP/00GitHub/TRACE (Sprint-#7)
$ ls -la .travis
total 8
drwxr-xr-x 1 cdeane 1049089    0 Dec  7 15:56 ./
drwxr-xr-x 1 cdeane 1049089    0 Dec 22 13:27 ../
-rw-r--r-- 1 cdeane 1049089 3248 Dec  7 15:56 TRACE.enc

cdeane@cricket7020 MINGW64 /c/0000_C_TREETOP/0000_TREETOP/00GitHub/TRACE (Sprint-#7)
$ ls -la configs
total 50
drwxr-xr-x 1 cdeane 1049089     0 Dec 16 17:12 ./
drwxr-xr-x 1 cdeane 1049089     0 Dec 22 13:27 ../
-rw-r--r-- 1 cdeane 1049089   571 Dec  7 15:58 README.md
-rw-r--r-- 1 cdeane 1049089   789 Dec  7 15:56 islandora-module-list-sans-tuque.txt
-rw-r--r-- 1 cdeane 1049089   474 Dec  7 15:58 islandora_solr_base_filter_list
drwxr-xr-x 1 cdeane 1049089     0 Dec  7 15:56 solr-tables/
-rw-r--r-- 1 cdeane 1049089 25071 Dec 16 17:12 theme.inc
-rw-r--r-- 1 cdeane 1049089  2090 Dec  7 16:47 trace_collections.csv
-rwxr-xr-x 1 cdeane 1049089   983 Dec  7 15:56 variables*
drwxr-xr-x 1 cdeane 1049089     0 Dec  9 10:24 xml-form-tables/

cdeane@cricket7020 MINGW64 /c/0000_C_TREETOP/0000_TREETOP/00GitHub/TRACE (Sprint-#7)
$ cd ..


$ git config --gloval color.ui false
error: unknown option `gloval'
usage: git config [<options>]

Config file location
    --global              use global config file
    --system              use system config file
    --local               use repository config file
    -f, --file <file>     use given config file
    --blob <blob-id>      read config from given blob object

Action
    --get                 get value: name [value-regex]
    --get-all             get all values: key [value-regex]
    --get-regexp          get values for regexp: name-regex [value-regex]
    --get-urlmatch        get value specific for the URL: section[.var] URL
    --replace-all         replace all matching variables: name value [value_regex]
    --add                 add a new variable: name value
    --unset               remove a variable: name [value-regex]
    --unset-all           remove all matches: name [value-regex]
    --rename-section      rename section: old-name new-name
    --remove-section      remove a section: name
    -l, --list            list all
    -e, --edit            open an editor
    --get-color           find the color configured: slot [default]
    --get-colorbool       find the color setting: slot [stdout-is-tty]

Type
    --bool                value is "true" or "false"
    --int                 value is decimal number
    --bool-or-int         value is --bool or --int
    --path                value is a path (file or directory name)

Other
    -z, --null            terminate values with NUL byte
    --name-only           show variable names only
    --includes            respect include directives on lookup
    --show-origin         show origin of config (file, standard input, blob, command line)


cdeane@cricket7020 MINGW64 /c/0000_C_TREETOP/0000_TREETOP/00GitHub
$ git config --global color.ui false

cdeane@cricket7020 MINGW64 /c/0000_C_TREETOP/0000_TREETOP/00GitHub
$ ls -la
total 536
drwxr-xr-x 1 cdeane 1049089      0 Dec 13 14:49 ./
drwxr-xr-x 1 cdeane 1049089      0 Dec  7 14:11 ../
drwxr-xr-x 1 cdeane 1049089      0 Sep 30 16:55 0_0_0_0_0_0_0_0_0_0_0_0_0_0_0_0_ANCHOR/
drwxr-xr-x 1 cdeane 1049089      0 Jul  5 15:41 BagItPHP/
drwxr-xr-x 1 cdeane 1049089      0 Nov  3 12:04 CDF/
drwxr-xr-x 1 cdeane 1049089      0 Mar 16  2016 CLAW/
drwxr-xr-x 1 cdeane 1049089      0 Aug 17 14:35 IslandoraCompoundObjectBatchIngest/
drwxr-xr-x 1 cdeane 1049089      0 Nov  8 16:21 Python-for-CDF/
drwxr-xr-x 1 cdeane 1049089      0 Dec 22 13:27 TRACE/
drwxr-xr-x 1 cdeane 1049089      0 Oct 14 16:37 Trace_chd_alt/
drwxr-xr-x 1 cdeane 1049089      0 Dec 10 16:51 Trace_chd_alt2/
drwxr-xr-x 1 cdeane 1049089      0 Nov  3 10:01 UTKdrupal/
drwxr-xr-x 1 cdeane 1049089      0 Aug  4 15:29 basic-solr-config/
drwxr-xr-x 1 cdeane 1049089      0 Dec 13 13:27 bigtop/
drwxr-xr-x 1 cdeane 1049089      0 Nov  3 12:50 bookprep/
drwxr-xr-x 1 cdeane 1049089      0 Jul 29 14:07 catch_xmllint_errors/
drwxr-xr-x 1 cdeane 1049089      0 Nov 14 13:13 chd_clip_board/
-rwxr-xr-x 1 cdeane 1049089 389120 Apr 13  2008 cmd.exe*
drwxr-xr-x 1 cdeane 1049089      0 Feb 19  2016 docs/
drwxr-xr-x 1 cdeane 1049089      0 Apr 29  2016 fedora_datastream_examples/
drwxr-xr-x 1 cdeane 1049089      0 Dec 13 13:18 giraph/
drwxr-xr-x 1 cdeane 1049089      0 May 18  2016 glowing-octo-adventure/
drwxr-xr-x 1 cdeane 1049089      0 Dec 13 13:23 hadoop/
drwxr-xr-x 1 cdeane 1049089      0 Mar 30  2016 ibu/
drwxr-xr-x 1 cdeane 1049089      0 Jul 12 12:09 islandora_bagit/
drwxr-xr-x 1 cdeane 1049089      0 May 18  2016 islandora_deployments/
drwxr-xr-x 1 cdeane 1049089      0 Sep 12 16:31 islandora_manual/
drwxr-xr-x 1 cdeane 1049089      0 Apr 29  2016 islandora_oai/
drwxr-xr-x 1 cdeane 1049089      0 Aug 25 13:41 islandora_ontology/
drwxr-xr-x 1 cdeane 1049089      0 Sep 30 16:56 islandora_solution_pack_image/
drwxr-xr-x 1 cdeane 1049089      0 Dec  6 16:27 islandora_vagrant/
drwxr-xr-x 1 cdeane 1049089      0 Oct 31 16:12 islandora_vagrant_base_box/
drwxr-xr-x 1 cdeane 1049089      0 Feb  7  2016 mods_ingest/
drwxr-xr-x 1 cdeane 1049089      0 Dec 13 14:49 nofrils/
drwxr-xr-x 1 cdeane 1049089      0 Mar  4  2016 pcdm/
drwxr-xr-x 1 cdeane 1049089      0 Dec 13 14:08 practical-graph-analytics-w-apache-giraph/
drwxr-xr-x 1 cdeane 1049089      0 Apr 29  2016 py_update_solr_with_gsearch/
drwxr-xr-x 1 cdeane 1049089      0 Feb 19  2016 src/
drwxr-xr-x 1 cdeane 1049089      0 Feb 19  2016 tools/
drwxr-xr-x 1 cdeane 1049089      0 Aug 30 16:28 trace_metadata_reports/
drwxr-xr-x 1 cdeane 1049089      0 Oct 14 12:16 utk_isl_xml_forms/

cdeane@cricket7020 MINGW64 /c/0000_C_TREETOP/0000_TREETOP/00GitHub
$ cat .gitconfig
cat: .gitconfig: No such file or directory

cdeane@cricket7020 MINGW64 /c/0000_C_TREETOP/0000_TREETOP/00GitHub
$ vi .gitconfig

cdeane@cricket7020 MINGW64 /c/0000_C_TREETOP/0000_TREETOP/00GitHub
$ ls -la
total 553
drwxr-xr-x 1 cdeane 1049089      0 Dec 22 13:35 ./
drwxr-xr-x 1 cdeane 1049089      0 Dec  7 14:11 ../
-rw-r--r-- 1 cdeane 1049089     35 Dec 22 13:35 .gitconfig
drwxr-xr-x 1 cdeane 1049089      0 Sep 30 16:55 0_0_0_0_0_0_0_0_0_0_0_0_0_0_0_0_ANCHOR/
drwxr-xr-x 1 cdeane 1049089      0 Jul  5 15:41 BagItPHP/
drwxr-xr-x 1 cdeane 1049089      0 Nov  3 12:04 CDF/
drwxr-xr-x 1 cdeane 1049089      0 Mar 16  2016 CLAW/
drwxr-xr-x 1 cdeane 1049089      0 Aug 17 14:35 IslandoraCompoundObjectBatchIngest/
drwxr-xr-x 1 cdeane 1049089      0 Nov  8 16:21 Python-for-CDF/
drwxr-xr-x 1 cdeane 1049089      0 Dec 22 13:27 TRACE/
drwxr-xr-x 1 cdeane 1049089      0 Oct 14 16:37 Trace_chd_alt/
drwxr-xr-x 1 cdeane 1049089      0 Dec 10 16:51 Trace_chd_alt2/
drwxr-xr-x 1 cdeane 1049089      0 Nov  3 10:01 UTKdrupal/
drwxr-xr-x 1 cdeane 1049089      0 Aug  4 15:29 basic-solr-config/
drwxr-xr-x 1 cdeane 1049089      0 Dec 13 13:27 bigtop/
drwxr-xr-x 1 cdeane 1049089      0 Nov  3 12:50 bookprep/
drwxr-xr-x 1 cdeane 1049089      0 Jul 29 14:07 catch_xmllint_errors/
drwxr-xr-x 1 cdeane 1049089      0 Nov 14 13:13 chd_clip_board/
-rwxr-xr-x 1 cdeane 1049089 389120 Apr 13  2008 cmd.exe*
drwxr-xr-x 1 cdeane 1049089      0 Feb 19  2016 docs/
drwxr-xr-x 1 cdeane 1049089      0 Apr 29  2016 fedora_datastream_examples/
drwxr-xr-x 1 cdeane 1049089      0 Dec 13 13:18 giraph/
drwxr-xr-x 1 cdeane 1049089      0 May 18  2016 glowing-octo-adventure/
drwxr-xr-x 1 cdeane 1049089      0 Dec 13 13:23 hadoop/
drwxr-xr-x 1 cdeane 1049089      0 Mar 30  2016 ibu/
drwxr-xr-x 1 cdeane 1049089      0 Jul 12 12:09 islandora_bagit/
drwxr-xr-x 1 cdeane 1049089      0 May 18  2016 islandora_deployments/
drwxr-xr-x 1 cdeane 1049089      0 Sep 12 16:31 islandora_manual/
drwxr-xr-x 1 cdeane 1049089      0 Apr 29  2016 islandora_oai/
drwxr-xr-x 1 cdeane 1049089      0 Aug 25 13:41 islandora_ontology/
drwxr-xr-x 1 cdeane 1049089      0 Sep 30 16:56 islandora_solution_pack_image/
drwxr-xr-x 1 cdeane 1049089      0 Dec  6 16:27 islandora_vagrant/
drwxr-xr-x 1 cdeane 1049089      0 Oct 31 16:12 islandora_vagrant_base_box/
drwxr-xr-x 1 cdeane 1049089      0 Feb  7  2016 mods_ingest/
drwxr-xr-x 1 cdeane 1049089      0 Dec 13 14:49 nofrils/
drwxr-xr-x 1 cdeane 1049089      0 Mar  4  2016 pcdm/
drwxr-xr-x 1 cdeane 1049089      0 Dec 13 14:08 practical-graph-analytics-w-apache-giraph/
drwxr-xr-x 1 cdeane 1049089      0 Apr 29  2016 py_update_solr_with_gsearch/
drwxr-xr-x 1 cdeane 1049089      0 Feb 19  2016 src/
drwxr-xr-x 1 cdeane 1049089      0 Feb 19  2016 tools/
drwxr-xr-x 1 cdeane 1049089      0 Aug 30 16:28 trace_metadata_reports/
drwxr-xr-x 1 cdeane 1049089      0 Oct 14 12:16 utk_isl_xml_forms/

cdeane@cricket7020 MINGW64 /c/0000_C_TREETOP/0000_TREETOP/00GitHub
$ vi .gitconfig

cdeane@cricket7020 MINGW64 /c/0000_C_TREETOP/0000_TREETOP/00GitHub
$ ls -la
total 553
drwxr-xr-x 1 cdeane 1049089      0 Dec 22 13:37 ./
drwxr-xr-x 1 cdeane 1049089      0 Dec  7 14:11 ../
-rw-r--r-- 1 cdeane 1049089    131 Dec 22 13:37 .gitconfig
drwxr-xr-x 1 cdeane 1049089      0 Sep 30 16:55 0_0_0_0_0_0_0_0_0_0_0_0_0_0_0_0_ANCHOR/
drwxr-xr-x 1 cdeane 1049089      0 Jul  5 15:41 BagItPHP/
drwxr-xr-x 1 cdeane 1049089      0 Nov  3 12:04 CDF/
drwxr-xr-x 1 cdeane 1049089      0 Mar 16  2016 CLAW/
drwxr-xr-x 1 cdeane 1049089      0 Aug 17 14:35 IslandoraCompoundObjectBatchIngest/
drwxr-xr-x 1 cdeane 1049089      0 Nov  8 16:21 Python-for-CDF/
drwxr-xr-x 1 cdeane 1049089      0 Dec 22 13:27 TRACE/
drwxr-xr-x 1 cdeane 1049089      0 Oct 14 16:37 Trace_chd_alt/
drwxr-xr-x 1 cdeane 1049089      0 Dec 10 16:51 Trace_chd_alt2/
drwxr-xr-x 1 cdeane 1049089      0 Nov  3 10:01 UTKdrupal/
drwxr-xr-x 1 cdeane 1049089      0 Aug  4 15:29 basic-solr-config/
drwxr-xr-x 1 cdeane 1049089      0 Dec 13 13:27 bigtop/
drwxr-xr-x 1 cdeane 1049089      0 Nov  3 12:50 bookprep/
drwxr-xr-x 1 cdeane 1049089      0 Jul 29 14:07 catch_xmllint_errors/
drwxr-xr-x 1 cdeane 1049089      0 Nov 14 13:13 chd_clip_board/
-rwxr-xr-x 1 cdeane 1049089 389120 Apr 13  2008 cmd.exe*
drwxr-xr-x 1 cdeane 1049089      0 Feb 19  2016 docs/
drwxr-xr-x 1 cdeane 1049089      0 Apr 29  2016 fedora_datastream_examples/
drwxr-xr-x 1 cdeane 1049089      0 Dec 13 13:18 giraph/
drwxr-xr-x 1 cdeane 1049089      0 May 18  2016 glowing-octo-adventure/
drwxr-xr-x 1 cdeane 1049089      0 Dec 13 13:23 hadoop/
drwxr-xr-x 1 cdeane 1049089      0 Mar 30  2016 ibu/
drwxr-xr-x 1 cdeane 1049089      0 Jul 12 12:09 islandora_bagit/
drwxr-xr-x 1 cdeane 1049089      0 May 18  2016 islandora_deployments/
drwxr-xr-x 1 cdeane 1049089      0 Sep 12 16:31 islandora_manual/
drwxr-xr-x 1 cdeane 1049089      0 Apr 29  2016 islandora_oai/
drwxr-xr-x 1 cdeane 1049089      0 Aug 25 13:41 islandora_ontology/
drwxr-xr-x 1 cdeane 1049089      0 Sep 30 16:56 islandora_solution_pack_image/
drwxr-xr-x 1 cdeane 1049089      0 Dec  6 16:27 islandora_vagrant/
drwxr-xr-x 1 cdeane 1049089      0 Oct 31 16:12 islandora_vagrant_base_box/
drwxr-xr-x 1 cdeane 1049089      0 Feb  7  2016 mods_ingest/
drwxr-xr-x 1 cdeane 1049089      0 Dec 13 14:49 nofrils/
drwxr-xr-x 1 cdeane 1049089      0 Mar  4  2016 pcdm/
drwxr-xr-x 1 cdeane 1049089      0 Dec 13 14:08 practical-graph-analytics-w-apache-giraph/
drwxr-xr-x 1 cdeane 1049089      0 Apr 29  2016 py_update_solr_with_gsearch/
drwxr-xr-x 1 cdeane 1049089      0 Feb 19  2016 src/
drwxr-xr-x 1 cdeane 1049089      0 Feb 19  2016 tools/
drwxr-xr-x 1 cdeane 1049089      0 Aug 30 16:28 trace_metadata_reports/
drwxr-xr-x 1 cdeane 1049089      0 Oct 14 12:16 utk_isl_xml_forms/

cdeane@cricket7020 MINGW64 /c/0000_C_TREETOP/0000_TREETOP/00GitHub
$ ls -a
./                                       bigtop/                      islandora_oai/
../                                      bookprep/                    islandora_ontology/
.gitconfig                               catch_xmllint_errors/        islandora_solution_pack_image/
0_0_0_0_0_0_0_0_0_0_0_0_0_0_0_0_ANCHOR/  chd_clip_board/              islandora_vagrant/
BagItPHP/                                cmd.exe*                     islandora_vagrant_base_box/
CDF/                                     docs/                        mods_ingest/
CLAW/                                    fedora_datastream_examples/  nofrils/
IslandoraCompoundObjectBatchIngest/      giraph/                      pcdm/
Python-for-CDF/                          glowing-octo-adventure/      practical-graph-analytics-w-apache-giraph/
TRACE/                                   hadoop/                      py_update_solr_with_gsearch/
Trace_chd_alt/                           ibu/                         src/
Trace_chd_alt2/                          islandora_bagit/             tools/
UTKdrupal/                               islandora_deployments/       trace_metadata_reports/
basic-solr-config/                       islandora_manual/            utk_isl_xml_forms/

cdeane@cricket7020 MINGW64 /c/0000_C_TREETOP/0000_TREETOP/00GitHub
$ mv .gitconfig  ../

cdeane@cricket7020 MINGW64 /c/0000_C_TREETOP/0000_TREETOP/00GitHub
$ ls -a ../
./                                       00GitHub/                           00TT.lnk*               codeNJS.lnk*
../                                      '00GitHub - Shortcut.lnk'*          '00VV - Shortcut.lnk'*  img/
.gitconfig                               00GitHub2/                          CompoundObjectDoc/
'0000_CDEANE_SSH_DEPOT - Shortcut.lnk'*  '00GitHub_support - Shortcut.lnk'*  Git/
'00GG - Shortcut.lnk'*                   00HH.lnk*                           cdeane_GITHUB.lnk*

cdeane@cricket7020 MINGW64 /c/0000_C_TREETOP/0000_TREETOP/00GitHub
$ cd TRACE

cdeane@cricket7020 MINGW64 /c/0000_C_TREETOP/0000_TREETOP/00GitHub/TRACE (Sprint-#7)
$ ls -la
total 61
drwxr-xr-x 1 cdeane 1049089    0 Dec 22 13:27 ./
drwxr-xr-x 1 cdeane 1049089    0 Dec 22 13:38 ../
drwxr-xr-x 1 cdeane 1049089    0 Dec 16 17:12 .git/
-rw-r--r-- 1 cdeane 1049089 2467 Dec  7 15:58 .gitattributes
-rw-r--r-- 1 cdeane 1049089  745 Dec 14 10:50 .gitignore
-rw-r--r-- 1 cdeane 1049089    1 Dec  7 15:56 .gitmodules
drwxr-xr-x 1 cdeane 1049089    0 Dec  7 15:56 .travis/
-rw-r--r-- 1 cdeane 1049089 3287 Dec  7 15:58 .travis.yml
drwxr-xr-x 1 cdeane 1049089    0 Dec  7 15:58 .vagrant/
-rw-r--r-- 1 cdeane 1049089 5743 Dec  7 15:58 README.md
-rw-r--r-- 1 cdeane 1049089 1804 Dec  7 15:58 ROADMAP.md
-rw-r--r-- 1 cdeane 1049089 2675 Dec  7 15:58 Vagrantfile
drwxr-xr-x 1 cdeane 1049089    0 Dec 16 17:12 configs/
drwxr-xr-x 1 cdeane 1049089    0 Dec 14 10:48 files/
drwxr-xr-x 1 cdeane 1049089    0 Dec 16 17:12 scripts/

cdeane@cricket7020 MINGW64 /c/0000_C_TREETOP/0000_TREETOP/00GitHub/TRACE (Sprint-#7)
$ git help
usage: git [--version] [--help] [-C <path>] [-c name=value]
           [--exec-path[=<path>]] [--html-path] [--man-path] [--info-path]
           [-p | --paginate | --no-pager] [--no-replace-objects] [--bare]
           [--git-dir=<path>] [--work-tree=<path>] [--namespace=<name>]
           <command> [<args>]

These are common Git commands used in various situations:

start a working area (see also: git help tutorial)
   clone      Clone a repository into a new directory
   init       Create an empty Git repository or reinitialize an existing one

work on the current change (see also: git help everyday)
   add        Add file contents to the index
   mv         Move or rename a file, a directory, or a symlink
   reset      Reset current HEAD to the specified state
   rm         Remove files from the working tree and from the index

examine the history and state (see also: git help revisions)
   bisect     Use binary search to find the commit that introduced a bug
   grep       Print lines matching a pattern
   log        Show commit logs
   show       Show various types of objects
   status     Show the working tree status

grow, mark and tweak your common history
   branch     List, create, or delete branches
   checkout   Switch branches or restore working tree files
   commit     Record changes to the repository
   diff       Show changes between commits, commit and working tree, etc
   merge      Join two or more development histories together
   rebase     Reapply commits on top of another base tip
   tag        Create, list, delete or verify a tag object signed with GPG

collaborate (see also: git help workflows)
   fetch      Download objects and refs from another repository
   pull       Fetch from and integrate with another repository or a local branch
   push       Update remote refs along with associated objects

'git help -a' and 'git help -g' list available subcommands and some
concept guides. See 'git help <command>' or 'git help <concept>'
to read about a specific subcommand or concept.

cdeane@cricket7020 MINGW64 /c/0000_C_TREETOP/0000_TREETOP/00GitHub/TRACE (Sprint-#7)
$ ls -a
./   .git/           .gitignore   .travis/     .vagrant/  ROADMAP.md   configs/  scripts/
../  .gitattributes  .gitmodules  .travis.yml  README.md  Vagrantfile  files/

cdeane@cricket7020 MINGW64 /c/0000_C_TREETOP/0000_TREETOP/00GitHub/TRACE (Sprint-#7)
$ cd .git

cdeane@cricket7020 MINGW64 /c/0000_C_TREETOP/0000_TREETOP/00GitHub/TRACE/.git (GIT_DIR!)
$ ls -la
total 37
drwxr-xr-x 1 cdeane 1049089    0 Dec 16 17:12 ./
drwxr-xr-x 1 cdeane 1049089    0 Dec 22 13:27 ../
-rw-r--r-- 1 cdeane 1049089  148 Dec 14 14:34 COMMIT_EDITMSG
-rw-r--r-- 1 cdeane 1049089  976 Dec 16 17:12 FETCH_HEAD
-rw-r--r-- 1 cdeane 1049089   26 Dec 14 10:50 HEAD
-rw-r--r-- 1 cdeane 1049089   41 Dec 16 17:12 ORIG_HEAD
-rw-r--r-- 1 cdeane 1049089  379 Dec  7 15:58 config
-rw-r--r-- 1 cdeane 1049089   73 Dec  7 15:56 description
drwxr-xr-x 1 cdeane 1049089    0 Dec  7 15:56 hooks/
-rw-r--r-- 1 cdeane 1049089 7336 Dec 16 17:12 index
drwxr-xr-x 1 cdeane 1049089    0 Dec 14 10:51 info/
drwxr-xr-x 1 cdeane 1049089    0 Dec 14 10:51 logs/
drwxr-xr-x 1 cdeane 1049089    0 Dec 16 17:12 objects/
-rw-r--r-- 1 cdeane 1049089  777 Dec 14 10:51 packed-refs
drwxr-xr-x 1 cdeane 1049089    0 Dec 14 10:51 refs/

cdeane@cricket7020 MINGW64 /c/0000_C_TREETOP/0000_TREETOP/00GitHub/TRACE/.git (GIT_DIR!)
$ cd ..

cdeane@cricket7020 MINGW64 /c/0000_C_TREETOP/0000_TREETOP/00GitHub/TRACE (Sprint-#7)
$ log
bash: log: command not found

cdeane@cricket7020 MINGW64 /c/0000_C_TREETOP/0000_TREETOP/00GitHub/TRACE (Sprint-#7)
$ git log
commit 94a4bb293474c64b1bf6673fd19589c87a1c9b9d
Author: pc37utn <pc37@utk.edu>
Date:   Fri Dec 16 16:27:16 2016 -0500

    make copy of theme.inc work

commit 2fb79bb79596c5d9a3fcd4aa5a16d89841a74174
Merge: 8c727a6 200eb1d
Author: pc37utn <pc37@utk.edu>
Date:   Fri Dec 16 16:10:29 2016 -0500

    Merge branch 'Sprint-#7' of https://github.com/utkdigitalinitiatives/TRACE into Sprint-#7

commit 8c727a6a01bbdc9eb831f3cc60d286a43e72b24e
Author: pc37utn <pc37@utk.edu>
Date:   Fri Dec 16 16:09:44 2016 -0500

    add temp theme.inc to islandora module

commit 200eb1d16709cfd8accc53c9024045ae9f9b53f1
Author: Don Richards <highlander411@hotmail.com>
Date:   Fri Dec 16 15:47:44 2016 -0500

    Log out Weight

    Close Ticket TRAC-476

commit 5a539950f56c31298f11930a6fe256253822f8b0
Author: Don Richards <highlander411@hotmail.com>
Date:   Fri Dec 16 15:03:42 2016 -0500

    Rename Login button

    Completes Ticket #TRAC-489

commit 479b90a2b1994eb62f44f4a961f5fce0ee22a5fc
Author: Don Richards <highlander411@hotmail.com>
Date:   Fri Dec 16 15:00:45 2016 -0500

    Removes Student's ability to write a new message

    Fixes ticket TRAC-491


cdeane@cricket7020 MINGW64 /c/0000_C_TREETOP/0000_TREETOP/00GitHub/TRACE (Sprint-#7)
$ git log --grep "Don Richards" 10
fatal: ambiguous argument '10': unknown revision or path not in the working tree.
Use '--' to separate paths from revisions, like this:
'git <command> [<revision>...] -- [<file>...]'

cdeane@cricket7020 MINGW64 /c/0000_C_TREETOP/0000_TREETOP/00GitHub/TRACE (Sprint-#7)
$ ggit log 10
bash: ggit: command not found

cdeane@cricket7020 MINGW64 /c/0000_C_TREETOP/0000_TREETOP/00GitHub/TRACE (Sprint-#7)
$ git log 10
fatal: ambiguous argument '10': unknown revision or path not in the working tree.
Use '--' to separate paths from revisions, like this:
'git <command> [<revision>...] -- [<file>...]'

cdeane@cricket7020 MINGW64 /c/0000_C_TREETOP/0000_TREETOP/00GitHub/TRACE (Sprint-#7)
$ git log --grep "Richards"

cdeane@cricket7020 MINGW64 /c/0000_C_TREETOP/0000_TREETOP/00GitHub/TRACE (Sprint-#7)
$ git log --grep="Richards"

cdeane@cricket7020 MINGW64 /c/0000_C_TREETOP/0000_TREETOP/00GitHub/TRACE (Sprint-#7)
$ git log
commit 94a4bb293474c64b1bf6673fd19589c87a1c9b9d
Author: pc37utn <pc37@utk.edu>
Date:   Fri Dec 16 16:27:16 2016 -0500

    make copy of theme.inc work

commit 2fb79bb79596c5d9a3fcd4aa5a16d89841a74174
Merge: 8c727a6 200eb1d
Author: pc37utn <pc37@utk.edu>
Date:   Fri Dec 16 16:10:29 2016 -0500

    Merge branch 'Sprint-#7' of https://github.com/utkdigitalinitiatives/TRACE into Sprint-#7

commit 8c727a6a01bbdc9eb831f3cc60d286a43e72b24e
Author: pc37utn <pc37@utk.edu>
Date:   Fri Dec 16 16:09:44 2016 -0500

    add temp theme.inc to islandora module

commit 200eb1d16709cfd8accc53c9024045ae9f9b53f1
Author: Don Richards <highlander411@hotmail.com>
Date:   Fri Dec 16 15:47:44 2016 -0500

    Log out Weight

    Close Ticket TRAC-476

commit 5a539950f56c31298f11930a6fe256253822f8b0
Author: Don Richards <highlander411@hotmail.com>
Date:   Fri Dec 16 15:03:42 2016 -0500

    Rename Login button

    Completes Ticket #TRAC-489

commit 479b90a2b1994eb62f44f4a961f5fce0ee22a5fc
Author: Don Richards <highlander411@hotmail.com>
Date:   Fri Dec 16 15:00:45 2016 -0500

    Removes Student's ability to write a new message

    Fixes ticket TRAC-491

commit 10f4ea5295090d9508fec194c6441dd873d9cf7d
Merge: daa6ba6 0330c6b
Author: Don Richards <highlander411@hotmail.com>
Date:   Fri Dec 16 14:55:37 2016 -0500

    Merged branch Sprint-#7 into Sprint-#7

commit daa6ba6f497558a1ab59aa512a2016d84e0c2398
Author: Don Richards <highlander411@hotmail.com>
Date:   Fri Dec 16 14:55:22 2016 -0500

    Real Names to show up under user profile page

commit 0330c6b5a4139f395a6da5b455327df558466610
Author: Don Richards <donrichards@outlook.com>
Date:   Thu Dec 15 15:52:31 2016 -0500

    TRAC-488 Resolved String replace & symbol

commit 7ba20c84e9be4dc7f68791fb15aa577fec064e35
Merge: dc6d367 aa568d1
Author: cdeaneGit <cdeane@utk.edu>
Date:   Wed Dec 14 14:34:58 2016 -0500

    Merge branch 'Sprint-#7' of https://github.com/utkdigitalinitiatives/TRACE into Sprint-#7

commit dc6d367c8f6b3e63c172fbcce8cc889fdfebcf7a
Author: cdeaneGit <cdeane@utk.edu>
Date:   Wed Dec 14 14:34:11 2016 -0500

    Addressing TRAC-476. Move user-menu block above trace-navigation block in left panel.  Move link to LOGIN to be the
first link inside of user-menu.

commit aa568d19a986efa8302869565c6e51aaaa98058a
Author: bridger <bdysonsmith@gmail.com>
Date:   Wed Dec 14 14:29:18 2016 -0500

    address TRAC-446: suppress "missing from Solr index"

commit cf165452702f2de00f5391ceb53cc344764ba534
Author: Mark Baggett <mbagget1@utk.edu>

cdeane@cricket7020 MINGW64 /c/0000_C_TREETOP/0000_TREETOP/00GitHub/TRACE (Sprint-#7)
$ git pull
remote: Counting objects: 49, done.
remote: Compressing objects: 100% (49/49), done.

Unpacking objects: 100% (49/49), done.
From https://github.com/utkdigitalinitiatives/TRACE
 * [new branch]      Sprint-#8  -> origin/Sprint-#8
   ee11973..0c171d9  master     -> origin/master
Already up-to-date.

cdeane@cricket7020 MINGW64 /c/0000_C_TREETOP/0000_TREETOP/00GitHub/TRACE (Sprint-#7)
$ git branch -r
  origin/HEAD -> origin/master
  origin/Sprint-#1
  origin/Sprint-#2
  origin/Sprint-#3
  origin/Sprint-#4
  origin/Sprint-#5
  origin/Sprint-#6
  origin/Sprint-#7
  origin/Sprint-#8
  origin/master

cdeane@cricket7020 MINGW64 /c/0000_C_TREETOP/0000_TREETOP/00GitHub/TRACE (Sprint-#7)
$ git checkout -b Sprint-#8 origin/Sprint-#8
Branch Sprint-#8 set up to track remote branch Sprint-#8 from origin.
Switched to a new branch 'Sprint-#8'

cdeane@cricket7020 MINGW64 /c/0000_C_TREETOP/0000_TREETOP/00GitHub/TRACE (Sprint-#8)
$ git pull
Already up-to-date.

cdeane@cricket7020 MINGW64 /c/0000_C_TREETOP/0000_TREETOP/00GitHub/TRACE (Sprint-#8)
$ git --version
git version 2.11.0.windows.1

cdeane@cricket7020 MINGW64 /c/0000_C_TREETOP/0000_TREETOP/00GitHub/TRACE (Sprint-#8)
$