181023_install_ORACLE_VM_VBOX_4.3.6.txt


===============cmder_transcript==============


C:\Users\cdeane
λ cd grepoC

C:\Users\cdeane\grepoC (master -> origin)
λ ls
chd_clip_board/

C:\Users\cdeane\grepoC (master -> origin)
λ cd chd_clip_board\

C:\Users\cdeane\grepoC\chd_clip_board (master -> origin)
λ cd WINDOWS10_vagrant_test\

C:\Users\cdeane\grepoC\chd_clip_board\WINDOWS10_vagrant_test (master -> origin)
λ ls
181022_islandora_labs_islandora_vagrant_test_vagrant_up.txt
181023_TRACE_vagrant_up_05.txt
181023_comparison.txt
181023_readme.txt
181023_utkdigitalinitiatives_TRACE_test_vagrant_up.txt
181023_utkdigitalinitiatives_islandora_vagrant_test_vagrant_up.txt

C:\Users\cdeane\grepoC\chd_clip_board\WINDOWS10_vagrant_test (master -> origin)
λ git status
On branch master
Your branch is up to date with 'origin/master'.

Untracked files:
  (use "git add <file>..." to include in what will be committed)

        181023_TRACE_vagrant_up_05.txt

nothing added to commit but untracked files present (use "git add" to track)

C:\Users\cdeane\grepoC\chd_clip_board\WINDOWS10_vagrant_test (master -> origin)
λ git add 181023_TRACE_vagrant_up_05.txt
warning: LF will be replaced by CRLF in WINDOWS10_vagrant_test/181023_TRACE_vagrant_up_05.txt.
The file will have its original line endings in your working directory

C:\Users\cdeane\grepoC\chd_clip_board\WINDOWS10_vagrant_test (master -> origin)
λ git commit -m ' add transcript for using config.vm.box_version = "0.1.7.1" '
error: pathspec 'add' did not match any file(s) known to git
error: pathspec 'transcript' did not match any file(s) known to git
error: pathspec 'for' did not match any file(s) known to git
error: pathspec 'using' did not match any file(s) known to git
error: pathspec 'config.vm.box_version' did not match any file(s) known to git
error: pathspec '=' did not match any file(s) known to git
error: pathspec '0.1.7.1' did not match any file(s) known to git
error: pathspec ''' did not match any file(s) known to git

C:\Users\cdeane\grepoC\chd_clip_board\WINDOWS10_vagrant_test (master -> origin)
λ vagrant push
The Vagrantfile does not define any 'push' strategies. In order to use
`vagrant push`, you must define at least one push strategy:

    config.push.define "ftp" do |push|
      # ... push-specific options
    end

C:\Users\cdeane\grepoC\chd_clip_board\WINDOWS10_vagrant_test (master -> origin)
λ git push
Username for 'https://github.com': cdeaneGit
Password for 'https://cdeaneGit@github.com':
Everything up-to-date

C:\Users\cdeane\grepoC\chd_clip_board\WINDOWS10_vagrant_test (master -> origin)
λ git status
On branch master
Your branch is up to date with 'origin/master'.

Changes to be committed:
  (use "git reset HEAD <file>..." to unstage)

        new file:   181023_TRACE_vagrant_up_05.txt


C:\Users\cdeane\grepoC\chd_clip_board\WINDOWS10_vagrant_test (master -> origin)
λ git add 181023_TRACE_vagrant_up_05.txt

C:\Users\cdeane\grepoC\chd_clip_board\WINDOWS10_vagrant_test (master -> origin)
λ git commit -m 'add transcript '
error: pathspec 'transcript' did not match any file(s) known to git
error: pathspec ''' did not match any file(s) known to git

C:\Users\cdeane\grepoC\chd_clip_board\WINDOWS10_vagrant_test (master -> origin)
λ git commit -m "add transcript "
[master a0cb44b] add transcript
 1 file changed, 361 insertions(+)
 create mode 100644 WINDOWS10_vagrant_test/181023_TRACE_vagrant_up_05.txt

C:\Users\cdeane\grepoC\chd_clip_board\WINDOWS10_vagrant_test (master -> origin)
λ git push
Username for 'https://github.com': cdeaneGit
Password for 'https://cdeaneGit@github.com':
Enumerating objects: 6, done.
Counting objects: 100% (6/6), done.
Delta compression using up to 4 threads
Compressing objects: 100% (4/4), done.
Writing objects: 100% (4/4), 4.23 KiB | 2.11 MiB/s, done.
Total 4 (delta 2), reused 0 (delta 0)
remote: Resolving deltas: 100% (2/2), completed with 2 local objects.
To https://github.com/cdeaneGit/chd_clip_board
   000016a..a0cb44b  master -> master

C:\Users\cdeane\grepoC\chd_clip_board\WINDOWS10_vagrant_test (master -> origin)
λ git status
On branch master
Your branch is up to date with 'origin/master'.

nothing to commit, working tree clean

C:\Users\cdeane\grepoC\chd_clip_board\WINDOWS10_vagrant_test (master -> origin)
λ vagrant status
A Vagrant environment or target machine is required to run this
command. Run `vagrant init` to create a new Vagrant environment. Or,
get an ID of a target machine from `vagrant global-status` to run
this command on. A final option is to change to a directory with a
Vagrantfile and to try again.

C:\Users\cdeane\grepoC\chd_clip_board\WINDOWS10_vagrant_test (master -> origin)
λ ls ..\..\..\.vagrant.d\boxes\

C:\Users\cdeane\grepoC\chd_clip_board\WINDOWS10_vagrant_test (master -> origin)
λ echo " VERIFY CLEAN ENVIRONMENt "
" VERIFY CLEAN ENVIRONMENt "

C:\Users\cdeane\grepoC\chd_clip_board\WINDOWS10_vagrant_test (master -> origin)
λ echo "INSTALLING ORACLE VM VBOX 4.6.3 "
"INSTALLING ORACLE VM VBOX 4.6.3 "

C:\Users\cdeane\grepoC\chd_clip_board\WINDOWS10_vagrant_test (master -> origin)
λ
C:\Users\cdeane\grepoC\chd_clip_board\WINDOWS10_vagrant_test (master -> origin)
λ echo " ORACLE VM VBOX 4.6.3 installed "
" ORACLE VM VBOX 4.6.3 installed "

C:\Users\cdeane\grepoC\chd_clip_board\WINDOWS10_vagrant_test (master -> origin)
λ ls
181022_islandora_labs_islandora_vagrant_test_vagrant_up.txt
181023_TRACE_vagrant_up_05.txt
181023_comparison.txt
181023_readme.txt
181023_utkdigitalinitiatives_TRACE_test_vagrant_up.txt
181023_utkdigitalinitiatives_islandora_vagrant_test_vagrant_up.txt

C:\Users\cdeane\grepoC\chd_clip_board\WINDOWS10_vagrant_test (master -> origin)
λ